192.168.1.5 - - [29/Nov/2025:19:41:05 +0000] "GET /rest/products/search?q=apple HTTP/1.1" 200 631 "Mozilla/5.0 (Macintosh; Intel Mac OS X 10_15_7) AppleWebKit/537.36 (KHTML, like Gecko) Chrome/91.0.4472.114 Safari/537.36"
192.168.1.5 - - [29/Nov/2025:19:41:06 +0000] "GET /api/Challenges HTTP/1.1" 200 8640 "Mozilla/5.0 (Macintosh; Intel Mac OS X 10_15_7) AppleWebKit/537.36 (KHTML, like Gecko) Chrome/91.0.4472.114 Safari/537.36"
203.55.11.22 - - [29/Nov/2025:19:41:06 +0000] "GET /etc/passwd HTTP/1.1" 200 9027 "python-requests/2.26.0"
192.168.1.5 - - [29/Nov/2025:19:41:06 +0000] "GET /api/Challenges HTTP/1.1" 200 8640 "Mozilla/5.0 (Windows NT 10.0; Win64; x64) AppleWebKit/537.36 (KHTML, like Gecko) Chrome/92.0.4515.159 Safari/537.36"
192.168.1.5 - - [29/Nov/2025:19:41:07 +0000] "GET / HTTP/1.1" 200 9027 "Mozilla/5.0 (Macintosh; Intel Mac OS X 10_15_7) AppleWebKit/537.36 (KHTML, like Gecko) Chrome/91.0.4472.114 Safari/537.36"
203.55.11.22 - - [29/Nov/2025:19:41:07 +0000] "GET /rest/products/search?q='%20UNION%20SELECT%20username,%20password%20FROM%20users%20-- HTTP/1.1" 500 994 "sqlmap/1.5.11#stable"
192.168.1.5 - - [29/Nov/2025:19:41:07 +0000] "GET / HTTP/1.1" 200 9027 "Mozilla/5.0 (Macintosh; Intel Mac OS X 10_15_7) AppleWebKit/537.36 (KHTML, like Gecko) Chrome/91.0.4472.114 Safari/537.36"
172.16.0.5 - - [29/Nov/2025:19:41:07 +0000] "GET /socket.io/?EIO=3&transport=polling HTTP/1.1" 400 62 "Mozilla/5.0 (Macintosh; Intel Mac OS X 10_15_7) AppleWebKit/537.36 (KHTML, like Gecko) Chrome/91.0.4472.114 Safari/537.36"
192.168.1.5 - - [29/Nov/2025:19:41:08 +0000] "GET / HTTP/1.1" 200 9027 "Mozilla/5.0 (Macintosh; Intel Mac OS X 10_15_7) AppleWebKit/537.36 (KHTML, like Gecko) Chrome/91.0.4472.114 Safari/537.36"
10.0.0.2 - - [29/Nov/2025:19:41:08 +0000] "GET /api/Challenges HTTP/1.1" 200 8640 "Mozilla/5.0 (Macintosh; Intel Mac OS X 10_15_7) AppleWebKit/537.36 (KHTML, like Gecko) Chrome/91.0.4472.114 Safari/537.36"
203.55.11.22 - - [29/Nov/2025:19:41:08 +0000] "GET /etc/passwd HTTP/1.1" 200 9027 "sqlmap/1.5.11#stable"
203.55.11.22 - - [29/Nov/2025:19:41:09 +0000] "GET /etc/passwd HTTP/1.1" 200 9027 "Nikto/2.1.0"
192.168.1.5 - - [29/Nov/2025:19:41:09 +0000] "GET / HTTP/1.1" 200 9027 "Mozilla/5.0 (Windows NT 10.0; Win64; x64) AppleWebKit/537.36 (KHTML, like Gecko) Chrome/92.0.4515.159 Safari/537.36"
203.55.11.22 - - [29/Nov/2025:19:41:09 +0000] "GET /ftp/package.json.bak%2500.md HTTP/1.1" 200 4291 "sqlmap/1.5.11#stable"
10.0.0.2 - - [29/Nov/2025:19:41:10 +0000] "GET / HTTP/1.1" 200 9027 "Mozilla/5.0 (Macintosh; Intel Mac OS X 10_15_7) AppleWebKit/537.36 (KHTML, like Gecko) Chrome/91.0.4472.114 Safari/537.36"
172.16.0.5 - - [29/Nov/2025:19:41:10 +0000] "GET / HTTP/1.1" 200 9027 "Mozilla/5.0 (Macintosh; Intel Mac OS X 10_15_7) AppleWebKit/537.36 (KHTML, like Gecko) Chrome/91.0.4472.114 Safari/537.36"
172.16.0.5 - - [29/Nov/2025:19:41:10 +0000] "GET /socket.io/?EIO=3&transport=polling HTTP/1.1" 400 62 "Mozilla/5.0 (Windows NT 10.0; Win64; x64) AppleWebKit/537.36 (KHTML, like Gecko) Chrome/92.0.4515.159 Safari/537.36"
192.168.1.5 - - [29/Nov/2025:19:41:11 +0000] "GET / HTTP/1.1" 200 9027 "Mozilla/5.0 (Windows NT 10.0; Win64; x64) AppleWebKit/537.36 (KHTML, like Gecko) Chrome/92.0.4515.159 Safari/537.36"
203.55.11.22 - - [29/Nov/2025:19:41:11 +0000] "GET /etc/passwd HTTP/1.1" 200 9027 "Mozilla/5.0 (compatible; Nmap Scripting Engine; https://nmap.org/book/nse.html)"
192.168.1.5 - - [29/Nov/2025:19:41:11 +0000] "GET / HTTP/1.1" 200 9027 "Mozilla/5.0 (Windows NT 10.0; Win64; x64) AppleWebKit/537.36 (KHTML, like Gecko) Chrome/92.0.4515.159 Safari/537.36"
172.16.0.5 - - [29/Nov/2025:19:41:12 +0000] "GET /socket.io/?EIO=3&transport=polling HTTP/1.1" 400 62 "Mozilla/5.0 (Windows NT 10.0; Win64; x64) AppleWebKit/537.36 (KHTML, like Gecko) Chrome/92.0.4515.159 Safari/537.36"
203.55.11.22 - - [29/Nov/2025:19:41:12 +0000] "GET /ftp/package.json.bak%2500.md HTTP/1.1" 200 4291 "Mozilla/5.0 (compatible; Nmap Scripting Engine; https://nmap.org/book/nse.html)"
66.77.88.99 - - [29/Nov/2025:19:41:12 +0000] "GET /etc/passwd HTTP/1.1" 200 9027 "Nikto/2.1.0"
192.168.1.5 - - [29/Nov/2025:19:41:13 +0000] "GET /api/Challenges HTTP/1.1" 200 8640 "Mozilla/5.0 (Macintosh; Intel Mac OS X 10_15_7) AppleWebKit/537.36 (KHTML, like Gecko) Chrome/91.0.4472.114 Safari/537.36"
172.16.0.5 - - [29/Nov/2025:19:41:13 +0000] "GET /rest/products/search?q=apple HTTP/1.1" 200 631 "Mozilla/5.0 (Macintosh; Intel Mac OS X 10_15_7) AppleWebKit/537.36 (KHTML, like Gecko) Chrome/91.0.4472.114 Safari/537.36"
203.55.11.22 - - [29/Nov/2025:19:41:13 +0000] "GET /etc/passwd HTTP/1.1" 200 9027 "python-requests/2.26.0"
66.77.88.99 - - [29/Nov/2025:19:41:14 +0000] "GET /rest/products/search?q=%3Cimg%20src=x%20onerror=alert(1)%3E HTTP/1.1" 200 30 "sqlmap/1.5.11#stable"
10.0.0.2 - - [29/Nov/2025:19:41:14 +0000] "GET /socket.io/?EIO=3&transport=polling HTTP/1.1" 400 62 "Mozilla/5.0 (Windows NT 10.0; Win64; x64) AppleWebKit/537.36 (KHTML, like Gecko) Chrome/92.0.4515.159 Safari/537.36"
172.16.0.5 - - [29/Nov/2025:19:41:14 +0000] "GET /assets/public/images/products/juice.jpg HTTP/1.1" 200 9027 "Mozilla/5.0 (Windows NT 10.0; Win64; x64) AppleWebKit/537.36 (KHTML, like Gecko) Chrome/92.0.4515.159 Safari/537.36"
192.168.1.5 - - [29/Nov/2025:19:41:14 +0000] "GET /assets/public/images/products/juice.jpg HTTP/1.1" 200 9027 "Mozilla/5.0 (Windows NT 10.0; Win64; x64) AppleWebKit/537.36 (KHTML, like Gecko) Chrome/92.0.4515.159 Safari/537.36"
192.168.1.5 - - [29/Nov/2025:19:41:15 +0000] "GET / HTTP/1.1" 200 9027 "Mozilla/5.0 (Macintosh; Intel Mac OS X 10_15_7) AppleWebKit/537.36 (KHTML, like Gecko) Chrome/91.0.4472.114 Safari/537.36"
10.0.0.2 - - [29/Nov/2025:19:41:15 +0000] "GET /api/Challenges HTTP/1.1" 200 8640 "Mozilla/5.0 (Macintosh; Intel Mac OS X 10_15_7) AppleWebKit/537.36 (KHTML, like Gecko) Chrome/91.0.4472.114 Safari/537.36"
10.0.0.2 - - [29/Nov/2025:19:41:16 +0000] "GET /socket.io/?EIO=3&transport=polling HTTP/1.1" 400 62 "Mozilla/5.0 (Macintosh; Intel Mac OS X 10_15_7) AppleWebKit/537.36 (KHTML, like Gecko) Chrome/91.0.4472.114 Safari/537.36"
10.0.0.2 - - [29/Nov/2025:19:41:16 +0000] "GET / HTTP/1.1" 200 9027 "Mozilla/5.0 (Macintosh; Intel Mac OS X 10_15_7) AppleWebKit/537.36 (KHTML, like Gecko) Chrome/91.0.4472.114 Safari/537.36"
192.168.1.5 - - [29/Nov/2025:19:41:16 +0000] "GET /socket.io/?EIO=3&transport=polling HTTP/1.1" 400 62 "Mozilla/5.0 (Windows NT 10.0; Win64; x64) AppleWebKit/537.36 (KHTML, like Gecko) Chrome/92.0.4515.159 Safari/537.36"
192.168.1.5 - - [29/Nov/2025:19:41:17 +0000] "GET /socket.io/?EIO=3&transport=polling HTTP/1.1" 400 62 "Mozilla/5.0 (Windows NT 10.0; Win64; x64) AppleWebKit/537.36 (KHTML, like Gecko) Chrome/92.0.4515.159 Safari/537.36"
10.0.0.2 - - [29/Nov/2025:19:41:17 +0000] "GET /socket.io/?EIO=3&transport=polling HTTP/1.1" 400 62 "Mozilla/5.0 (Windows NT 10.0; Win64; x64) AppleWebKit/537.36 (KHTML, like Gecko) Chrome/92.0.4515.159 Safari/537.36"
66.77.88.99 - - [29/Nov/2025:19:41:17 +0000] "GET /rest/user/login?email='%20OR%20'1'='1&password=x HTTP/1.1" 500 809 "sqlmap/1.5.11#stable"
172.16.0.5 - - [29/Nov/2025:19:41:17 +0000] "GET /rest/products/search?q=apple HTTP/1.1" 200 631 "Mozilla/5.0 (Windows NT 10.0; Win64; x64) AppleWebKit/537.36 (KHTML, like Gecko) Chrome/92.0.4515.159 Safari/537.36"
192.168.1.5 - - [29/Nov/2025:19:41:18 +0000] "GET /api/Challenges HTTP/1.1" 200 8640 "Mozilla/5.0 (Macintosh; Intel Mac OS X 10_15_7) AppleWebKit/537.36 (KHTML, like Gecko) Chrome/91.0.4472.114 Safari/537.36"
192.168.1.5 - - [29/Nov/2025:19:41:18 +0000] "GET /rest/products/search?q=apple HTTP/1.1" 200 631 "Mozilla/5.0 (Macintosh; Intel Mac OS X 10_15_7) AppleWebKit/537.36 (KHTML, like Gecko) Chrome/91.0.4472.114 Safari/537.36"
172.16.0.5 - - [29/Nov/2025:19:41:19 +0000] "GET / HTTP/1.1" 200 9027 "Mozilla/5.0 (Windows NT 10.0; Win64; x64) AppleWebKit/537.36 (KHTML, like Gecko) Chrome/92.0.4515.159 Safari/537.36"
172.16.0.5 - - [29/Nov/2025:19:41:19 +0000] "GET /assets/public/images/products/juice.jpg HTTP/1.1" 200 9027 "Mozilla/5.0 (Macintosh; Intel Mac OS X 10_15_7) AppleWebKit/537.36 (KHTML, like Gecko) Chrome/91.0.4472.114 Safari/537.36"
10.0.0.2 - - [29/Nov/2025:19:41:19 +0000] "GET /socket.io/?EIO=3&transport=polling HTTP/1.1" 400 62 "Mozilla/5.0 (Macintosh; Intel Mac OS X 10_15_7) AppleWebKit/537.36 (KHTML, like Gecko) Chrome/91.0.4472.114 Safari/537.36"
192.168.1.5 - - [29/Nov/2025:19:41:20 +0000] "GET /rest/products/search?q=apple HTTP/1.1" 200 631 "Mozilla/5.0 (Windows NT 10.0; Win64; x64) AppleWebKit/537.36 (KHTML, like Gecko) Chrome/92.0.4515.159 Safari/537.36"
203.55.11.22 - - [29/Nov/2025:19:41:20 +0000] "GET /rest/user/login?email='%20OR%20'1'='1&password=x HTTP/1.1" 500 809 "python-requests/2.26.0"
66.77.88.99 - - [29/Nov/2025:19:41:20 +0000] "GET /rest/products/search?q='%20OR%201=1%20-- HTTP/1.1" 500 954 "sqlmap/1.5.11#stable"
203.55.11.22 - - [29/Nov/2025:19:41:21 +0000] "GET /ftp/package.json.bak%2500.md HTTP/1.1" 200 4291 "python-requests/2.26.0"
203.55.11.22 - - [29/Nov/2025:19:41:21 +0000] "GET /rest/products/search?q=%3Cimg%20src=x%20onerror=alert(1)%3E HTTP/1.1" 200 30 "python-requests/2.26.0"
10.0.0.2 - - [29/Nov/2025:19:41:21 +0000] "GET /assets/public/images/products/juice.jpg HTTP/1.1" 200 9020 "Mozilla/5.0 (Macintosh; Intel Mac OS X 10_15_7) AppleWebKit/537.36 (KHTML, like Gecko) Chrome/91.0.4472.114 Safari/537.36"
66.77.88.99 - - [29/Nov/2025:19:41:22 +0000] "GET /api/Feedbacks?comment=%3Cscript%3Ealert('Hacked')%3C/script%3E&rating=5 HTTP/1.1" 200 30 "sqlmap/1.5.11#stable"
203.55.11.22 - - [29/Nov/2025:19:41:22 +0000] "GET /rest/products/search?q=%3Cimg%20src=x%20onerror=alert(1)%3E HTTP/1.1" 200 30 "sqlmap/1.5.11#stable"
66.77.88.99 - - [29/Nov/2025:19:41:22 +0000] "GET /rest/products/search?q='%20OR%201=1%20-- HTTP/1.1" 500 954 "sqlmap/1.5.11#stable"
203.55.11.22 - - [29/Nov/2025:19:41:23 +0000] "GET /rest/products/search?q='%20OR%201=1%20-- HTTP/1.1" 500 954 "sqlmap/1.5.11#stable"
203.55.11.22 - - [29/Nov/2025:19:41:23 +0000] "GET /ftp/package.json.bak%2500.md HTTP/1.1" 200 4291 "python-requests/2.26.0"
203.55.11.22 - - [29/Nov/2025:19:41:23 +0000] "GET /rest/products/search?q='%20OR%201=1%20-- HTTP/1.1" 500 954 "python-requests/2.26.0"
172.16.0.5 - - [29/Nov/2025:19:41:24 +0000] "GET / HTTP/1.1" 200 9027 "Mozilla/5.0 (Macintosh; Intel Mac OS X 10_15_7) AppleWebKit/537.36 (KHTML, like Gecko) Chrome/91.0.4472.114 Safari/537.36"
192.168.1.5 - - [29/Nov/2025:19:41:24 +0000] "GET / HTTP/1.1" 200 9027 "Mozilla/5.0 (Macintosh; Intel Mac OS X 10_15_7) AppleWebKit/537.36 (KHTML, like Gecko) Chrome/91.0.4472.114 Safari/537.36"
172.16.0.5 - - [29/Nov/2025:19:41:24 +0000] "GET /api/Challenges HTTP/1.1" 200 8640 "Mozilla/5.0 (Macintosh; Intel Mac OS X 10_15_7) AppleWebKit/537.36 (KHTML, like Gecko) Chrome/91.0.4472.114 Safari/537.36"
192.168.1.5 - - [29/Nov/2025:19:41:24 +0000] "GET / HTTP/1.1" 200 9027 "Mozilla/5.0 (Windows NT 10.0; Win64; x64) AppleWebKit/537.36 (KHTML, like Gecko) Chrome/92.0.4515.159 Safari/537.36"
203.55.11.22 - - [29/Nov/2025:19:41:25 +0000] "GET /api/Feedbacks?comment=%3Cscript%3Ealert('Hacked')%3C/script%3E&rating=5 HTTP/1.1" 200 30 "Nikto/2.1.0"
203.55.11.22 - - [29/Nov/2025:19:41:25 +0000] "GET /api/Feedbacks?comment=%3Cscript%3Ealert('Hacked')%3C/script%3E&rating=5 HTTP/1.1" 200 30 "sqlmap/1.5.11#stable"
192.168.1.5 - - [29/Nov/2025:19:41:25 +0000] "GET /rest/products/search?q=apple HTTP/1.1" 200 631 "Mozilla/5.0 (Macintosh; Intel Mac OS X 10_15_7) AppleWebKit/537.36 (KHTML, like Gecko) Chrome/91.0.4472.114 Safari/537.36"
66.77.88.99 - - [29/Nov/2025:19:41:26 +0000] "GET /ftp/package.json.bak%2500.md HTTP/1.1" 200 4291 "sqlmap/1.5.11#stable"
192.168.1.5 - - [29/Nov/2025:19:41:26 +0000] "GET /rest/products/search?q=apple HTTP/1.1" 200 631 "Mozilla/5.0 (Macintosh; Intel Mac OS X 10_15_7) AppleWebKit/537.36 (KHTML, like Gecko) Chrome/91.0.4472.114 Safari/537.36"
66.77.88.99 - - [29/Nov/2025:19:41:26 +0000] "GET /ftp/package.json.bak%2500.md HTTP/1.1" 200 4291 "python-requests/2.26.0"
66.77.88.99 - - [29/Nov/2025:19:41:26 +0000] "GET /ftp/package.json.bak%2500.md HTTP/1.1" 200 4291 "sqlmap/1.5.11#stable"
203.55.11.22 - - [29/Nov/2025:19:41:27 +0000] "GET /rest/products/search?q=%3Cimg%20src=x%20onerror=alert(1)%3E HTTP/1.1" 200 30 "Nikto/2.1.0"
192.168.1.5 - - [29/Nov/2025:19:41:27 +0000] "GET / HTTP/1.1" 200 9027 "Mozilla/5.0 (Windows NT 10.0; Win64; x64) AppleWebKit/537.36 (KHTML, like Gecko) Chrome/92.0.4515.159 Safari/537.36"
192.168.1.8 - - [29/Nov/2025:20:05:14 +0000] "GET /api/Complaints HTTP/1.1" 401 984 "Mozilla/5.0 (Windows NT 10.0; Win64; x64) AppleWebKit/537.36 (KHTML, like Gecko) Chrome/91.0.4472.124 Safari/537.36"
192.168.1.6 - - [29/Nov/2025:20:05:15 +0000] "GET /api/Feedbacks HTTP/1.1" 200 659 "Mozilla/5.0 (iPhone; CPU iPhone OS 14_6 like Mac OS X) AppleWebKit/605.1.15 (KHTML, like Gecko) Version/14.0 Mobile/15E148 Safari/604.1"
66.77.88.99 - - [29/Nov/2025:20:05:16 +0000] "GET /api/Feedbacks?comment=javascript:alert(1) HTTP/1.1" 200 30 "Mozilla/5.0 (iPhone; CPU iPhone OS 14_6 like Mac OS X) AppleWebKit/605.1.15 (KHTML, like Gecko) Version/14.0 Mobile/15E148 Safari/604.1"
192.168.1.5 - - [29/Nov/2025:20:05:16 +0000] "GET /rest/products/search?q=juice HTTP/1.1" 200 2944 "Mozilla/5.0 (X11; Linux x86_64) Gecko/20100101 Firefox/89.0"
185.20.30.40 - - [29/Nov/2025:20:05:16 +0000] "GET /etc/passwd HTTP/1.1" 200 9027 "Mozilla/5.0 (Macintosh; Intel Mac OS X 10_15_7) AppleWebKit/605.1.15 (KHTML, like Gecko) Version/14.1.1 Safari/605.1.15"
185.20.30.40 - - [29/Nov/2025:20:05:17 +0000] "GET /api/Feedbacks?comment=%3Cimg%20src=x%20onerror=alert(1)%3E HTTP/1.1" 200 30 "Mozilla/5.0 (X11; Linux x86_64) Gecko/20100101 Firefox/89.0"
192.168.1.13 - - [29/Nov/2025:20:05:17 +0000] "GET /rest/user/login HTTP/1.1" 500 767 "Mozilla/5.0 (X11; Linux x86_64) Gecko/20100101 Firefox/89.0"
66.77.88.99 - - [29/Nov/2025:20:05:18 +0000] "GET /api/Feedbacks?comment=%3Cimg%20src=x%20onerror=alert(1)%3E HTTP/1.1" 200 30 "Mozilla/5.0 (iPhone; CPU iPhone OS 14_6 like Mac OS X) AppleWebKit/605.1.15 (KHTML, like Gecko) Version/14.0 Mobile/15E148 Safari/604.1"
203.55.11.22 - - [29/Nov/2025:20:05:19 +0000] "GET /rest/products/search?q='%20OR%201=1%20-- HTTP/1.1" 500 954 "Mozilla/5.0 (iPhone; CPU iPhone OS 14_6 like Mac OS X) AppleWebKit/605.1.15 (KHTML, like Gecko) Version/14.0 Mobile/15E148 Safari/604.1"
192.168.1.14 - - [29/Nov/2025:20:05:20 +0000] "GET /rest/products/search?q=orange HTTP/1.1" 200 301 "Mozilla/5.0 (iPhone; CPU iPhone OS 14_6 like Mac OS X) AppleWebKit/605.1.15 (KHTML, like Gecko) Version/14.0 Mobile/15E148 Safari/604.1"
192.168.1.11 - - [29/Nov/2025:20:05:20 +0000] "GET /rest/products/search?q=ticket HTTP/1.1" 200 30 "Mozilla/5.0 (iPhone; CPU iPhone OS 14_6 like Mac OS X) AppleWebKit/605.1.15 (KHTML, like Gecko) Version/14.0 Mobile/15E148 Safari/604.1"
66.77.88.99 - - [29/Nov/2025:20:05:21 +0000] "GET /api/Feedbacks?comment=%3Cimg%20src=x%20onerror=alert(1)%3E HTTP/1.1" 200 30 "Mozilla/5.0 (iPhone; CPU iPhone OS 14_6 like Mac OS X) AppleWebKit/605.1.15 (KHTML, like Gecko) Version/14.0 Mobile/15E148 Safari/604.1"
192.168.1.5 - - [29/Nov/2025:20:05:21 +0000] "GET /api/Feedbacks HTTP/1.1" 200 659 "Mozilla/5.0 (X11; Linux x86_64) Gecko/20100101 Firefox/89.0"
192.168.1.5 - - [29/Nov/2025:20:05:22 +0000] "GET /rest/user/login HTTP/1.1" 500 767 "Mozilla/5.0 (iPhone; CPU iPhone OS 14_6 like Mac OS X) AppleWebKit/605.1.15 (KHTML, like Gecko) Version/14.0 Mobile/15E148 Safari/604.1"
66.77.88.99 - - [29/Nov/2025:20:05:22 +0000] "GET /rest/products/search?q=';%20DROP%20TABLE%20users;%20-- HTTP/1.1" 500 986 "Mozilla/5.0 (Macintosh; Intel Mac OS X 10_15_7) AppleWebKit/605.1.15 (KHTML, like Gecko) Version/14.1.1 Safari/605.1.15"
192.168.1.8 - - [29/Nov/2025:20:05:23 +0000] "GET /api/BasketItems/19 HTTP/1.1" 401 984 "Mozilla/5.0 (Windows NT 10.0; Win64; x64) AppleWebKit/537.36 (KHTML, like Gecko) Chrome/91.0.4472.124 Safari/537.36"
192.168.1.17 - - [29/Nov/2025:20:05:23 +0000] "GET /api/Feedbacks HTTP/1.1" 200 659 "Mozilla/5.0 (Windows NT 10.0; Win64; x64) AppleWebKit/537.36 (KHTML, like Gecko) Chrome/91.0.4472.124 Safari/537.36"
192.168.1.14 - - [29/Nov/2025:20:05:24 +0000] "GET /api/BasketItems/20 HTTP/1.1" 401 984 "Mozilla/5.0 (Macintosh; Intel Mac OS X 10_15_7) AppleWebKit/605.1.15 (KHTML, like Gecko) Version/14.1.1 Safari/605.1.15"
- - - [29/Nov/2025:20:05:25 +0000] "GET /public/images/..%2F..%2F..%2Fwindows%2Fwin.ini HTTP/1.1" 400 157 "-"
203.55.11.22 - - [29/Nov/2025:20:05:25 +0000] "GET /rest/products/search?q='%20UNION%20SELECT%201,2,3,4,5,6,7,8,9%20FROM%20users%20-- HTTP/1.1" 500 994 "Mozilla/5.0 (Macintosh; Intel Mac OS X 10_15_7) AppleWebKit/605.1.15 (KHTML, like Gecko) Version/14.1.1 Safari/605.1.15"
192.168.1.13 - - [29/Nov/2025:20:05:26 +0000] "GET /rest/user/login HTTP/1.1" 500 767 "Mozilla/5.0 (X11; Linux x86_64) Gecko/20100101 Firefox/89.0"
192.168.1.16 - - [29/Nov/2025:20:05:26 +0000] "GET /rest/products/search?q=green HTTP/1.1" 200 759 "Mozilla/5.0 (Windows NT 10.0; Win64; x64) AppleWebKit/537.36 (KHTML, like Gecko) Chrome/91.0.4472.124 Safari/537.36"
66.77.88.99 - - [29/Nov/2025:20:05:27 +0000] "GET /public/images//ftp/package.json.bak%2500.md HTTP/1.1" 200 9027 "Mozilla/5.0 (Windows NT 10.0; Win64; x64) AppleWebKit/537.36 (KHTML, like Gecko) Chrome/91.0.4472.124 Safari/537.36"
192.168.1.12 - - [29/Nov/2025:20:05:27 +0000] "GET /api/Complaints HTTP/1.1" 401 984 "Mozilla/5.0 (Windows NT 10.0; Win64; x64) AppleWebKit/537.36 (KHTML, like Gecko) Chrome/91.0.4472.124 Safari/537.36"
192.168.1.19 - - [29/Nov/2025:20:05:28 +0000] "GET /api/BasketItems/7 HTTP/1.1" 401 984 "Mozilla/5.0 (iPhone; CPU iPhone OS 14_6 like Mac OS X) AppleWebKit/605.1.15 (KHTML, like Gecko) Version/14.0 Mobile/15E148 Safari/604.1"
192.168.1.9 - - [29/Nov/2025:20:05:29 +0000] "GET /api/Feedbacks HTTP/1.1" 200 659 "Mozilla/5.0 (Windows NT 10.0; Win64; x64) AppleWebKit/537.36 (KHTML, like Gecko) Chrome/91.0.4472.124 Safari/537.36"
192.168.1.7 - - [29/Nov/2025:20:05:30 +0000] "GET /api/Complaints HTTP/1.1" 401 984 "Mozilla/5.0 (iPhone; CPU iPhone OS 14_6 like Mac OS X) AppleWebKit/605.1.15 (KHTML, like Gecko) Version/14.0 Mobile/15E148 Safari/604.1"
- - - [29/Nov/2025:20:05:31 +0000] "GET /public/images/..%2F..%2F..%2Fwindows%2Fwin.ini HTTP/1.1" 400 157 "-"
185.20.30.40 - - [29/Nov/2025:20:05:31 +0000] "GET /rest/products/search?q=admin'%20-- HTTP/1.1" 500 954 "Mozilla/5.0 (X11; Linux x86_64) Gecko/20100101 Firefox/89.0"
192.168.1.19 - - [29/Nov/2025:20:05:32 +0000] "GET /api/Feedbacks HTTP/1.1" 200 659 "Mozilla/5.0 (X11; Linux x86_64) Gecko/20100101 Firefox/89.0"
192.168.1.10 - - [29/Nov/2025:20:05:32 +0000] "GET /api/Feedbacks HTTP/1.1" 200 659 "Mozilla/5.0 (Macintosh; Intel Mac OS X 10_15_7) AppleWebKit/605.1.15 (KHTML, like Gecko) Version/14.1.1 Safari/605.1.15"
192.168.1.6 - - [29/Nov/2025:20:05:33 +0000] "GET /api/BasketItems/11 HTTP/1.1" 401 984 "Mozilla/5.0 (Macintosh; Intel Mac OS X 10_15_7) AppleWebKit/605.1.15 (KHTML, like Gecko) Version/14.1.1 Safari/605.1.15"
192.168.1.19 - - [29/Nov/2025:20:05:33 +0000] "GET /i18n/en.json HTTP/1.1" 200 9027 "Mozilla/5.0 (X11; Linux x86_64) Gecko/20100101 Firefox/89.0"
192.168.1.18 - - [29/Nov/2025:20:05:34 +0000] "GET /api/BasketItems/7 HTTP/1.1" 401 984 "Mozilla/5.0 (iPhone; CPU iPhone OS 14_6 like Mac OS X) AppleWebKit/605.1.15 (KHTML, like Gecko) Version/14.0 Mobile/15E148 Safari/604.1"
192.168.1.8 - - [29/Nov/2025:20:05:35 +0000] "GET /i18n/en.json HTTP/1.1" 200 9027 "Mozilla/5.0 (Windows NT 10.0; Win64; x64) AppleWebKit/537.36 (KHTML, like Gecko) Chrome/91.0.4472.124 Safari/537.36"
192.168.1.7 - - [29/Nov/2025:20:05:35 +0000] "GET /rest/user/login HTTP/1.1" 500 767 "Mozilla/5.0 (X11; Linux x86_64) Gecko/20100101 Firefox/89.0"
66.77.88.99 - - [29/Nov/2025:20:05:36 +0000] "GET /api/Feedbacks?comment=%3Cimg%20src=x%20onerror=alert(1)%3E HTTP/1.1" 200 30 "Mozilla/5.0 (Windows NT 10.0; Win64; x64) AppleWebKit/537.36 (KHTML, like Gecko) Chrome/91.0.4472.124 Safari/537.36"
203.55.11.22 - - [29/Nov/2025:20:05:37 +0000] "GET /etc/passwd HTTP/1.1" 200 9027 "Mozilla/5.0 (Windows NT 10.0; Win64; x64) AppleWebKit/537.36 (KHTML, like Gecko) Chrome/91.0.4472.124 Safari/537.36"
192.168.1.15 - - [29/Nov/2025:20:05:38 +0000] "GET /api/Complaints HTTP/1.1" 401 984 "Mozilla/5.0 (iPhone; CPU iPhone OS 14_6 like Mac OS X) AppleWebKit/605.1.15 (KHTML, like Gecko) Version/14.0 Mobile/15E148 Safari/604.1"
185.20.30.40 - - [29/Nov/2025:20:05:38 +0000] "GET /api/Feedbacks?comment=javascript:alert(1) HTTP/1.1" 200 30 "Mozilla/5.0 (X11; Linux x86_64) Gecko/20100101 Firefox/89.0"
192.168.1.7 - - [29/Nov/2025:20:05:39 +0000] "GET /rest/user/login HTTP/1.1" 500 767 "Mozilla/5.0 (iPhone; CPU iPhone OS 14_6 like Mac OS X) AppleWebKit/605.1.15 (KHTML, like Gecko) Version/14.0 Mobile/15E148 Safari/604.1"
192.168.1.12 - - [29/Nov/2025:20:05:40 +0000] "GET /i18n/en.json HTTP/1.1" 200 9027 "Mozilla/5.0 (X11; Linux x86_64) Gecko/20100101 Firefox/89.0"
192.168.1.18 - - [29/Nov/2025:20:05:40 +0000] "GET /api/Complaints HTTP/1.1" 401 984 "Mozilla/5.0 (iPhone; CPU iPhone OS 14_6 like Mac OS X) AppleWebKit/605.1.15 (KHTML, like Gecko) Version/14.0 Mobile/15E148 Safari/604.1"
192.168.1.8 - - [29/Nov/2025:20:05:41 +0000] "GET /api/Feedbacks HTTP/1.1" 200 659 "Mozilla/5.0 (Windows NT 10.0; Win64; x64) AppleWebKit/537.36 (KHTML, like Gecko) Chrome/91.0.4472.124 Safari/537.36"
- - - [29/Nov/2025:20:05:41 +0000] "GET /public/images/..%2F..%2F..%2Fwindows%2Fwin.ini HTTP/1.1" 400 157 "-"
185.20.30.40 - - [29/Nov/2025:20:05:42 +0000] "GET /rest/products/search?q=';%20DROP%20TABLE%20users;%20-- HTTP/1.1" 500 986 "Mozilla/5.0 (Macintosh; Intel Mac OS X 10_15_7) AppleWebKit/605.1.15 (KHTML, like Gecko) Version/14.1.1 Safari/605.1.15"
192.168.1.16 - - [29/Nov/2025:20:05:42 +0000] "GET /api/Complaints HTTP/1.1" 401 984 "Mozilla/5.0 (Windows NT 10.0; Win64; x64) AppleWebKit/537.36 (KHTML, like Gecko) Chrome/91.0.4472.124 Safari/537.36"
185.20.30.40 - - [29/Nov/2025:20:05:43 +0000] "GET /public/images//ftp/package.json.bak%2500.md HTTP/1.1" 200 9027 "Mozilla/5.0 (Windows NT 10.0; Win64; x64) AppleWebKit/537.36 (KHTML, like Gecko) Chrome/91.0.4472.124 Safari/537.36"
192.168.1.9 - - [29/Nov/2025:20:05:43 +0000] "GET /rest/user/login HTTP/1.1" 500 767 "Mozilla/5.0 (Macintosh; Intel Mac OS X 10_15_7) AppleWebKit/605.1.15 (KHTML, like Gecko) Version/14.1.1 Safari/605.1.15"
66.77.88.99 - - [29/Nov/2025:20:05:44 +0000] "GET /rest/products/search?q=admin'%20-- HTTP/1.1" 500 954 "Mozilla/5.0 (X11; Linux x86_64) Gecko/20100101 Firefox/89.0"
185.20.30.40 - - [29/Nov/2025:20:05:45 +0000] "GET /etc/passwd HTTP/1.1" 200 9027 "Mozilla/5.0 (X11; Linux x86_64) Gecko/20100101 Firefox/89.0"
192.168.1.8 - - [29/Nov/2025:20:05:46 +0000] "GET /rest/products/search?q=ticket HTTP/1.1" 200 30 "Mozilla/5.0 (Windows NT 10.0; Win64; x64) AppleWebKit/537.36 (KHTML, like Gecko) Chrome/91.0.4472.124 Safari/537.36"
192.168.1.5 - - [29/Nov/2025:20:05:47 +0000] "GET /i18n/en.json HTTP/1.1" 200 9027 "Mozilla/5.0 (Macintosh; Intel Mac OS X 10_15_7) AppleWebKit/605.1.15 (KHTML, like Gecko) Version/14.1.1 Safari/605.1.15"
192.168.1.14 - - [29/Nov/2025:20:05:47 +0000] "GET /api/BasketItems/15 HTTP/1.1" 401 984 "Mozilla/5.0 (X11; Linux x86_64) Gecko/20100101 Firefox/89.0"
185.20.30.40 - - [29/Nov/2025:20:05:48 +0000] "GET /api/Feedbacks?comment=%3Cscript%3Ealert('XSS')%3C/script%3E HTTP/1.1" 200 30 "Mozilla/5.0 (iPhone; CPU iPhone OS 14_6 like Mac OS X) AppleWebKit/605.1.15 (KHTML, like Gecko) Version/14.0 Mobile/15E148 Safari/604.1"
185.20.30.40 - - [29/Nov/2025:20:05:49 +0000] "GET /rest/products/search?q=admin'%20-- HTTP/1.1" 500 954 "Mozilla/5.0 (Windows NT 10.0; Win64; x64) AppleWebKit/537.36 (KHTML, like Gecko) Chrome/91.0.4472.124 Safari/537.36"
192.168.1.18 - - [29/Nov/2025:20:05:49 +0000] "GET /rest/products/search?q=smoothie HTTP/1.1" 200 356 "Mozilla/5.0 (X11; Linux x86_64) Gecko/20100101 Firefox/89.0"
203.55.11.22 - - [29/Nov/2025:20:05:50 +0000] "GET /public/images//ftp/package.json.bak%2500.md HTTP/1.1" 200 9027 "Mozilla/5.0 (X11; Linux x86_64) Gecko/20100101 Firefox/89.0"
192.168.1.8 - - [29/Nov/2025:20:05:50 +0000] "GET /api/BasketItems/2 HTTP/1.1" 401 984 "Mozilla/5.0 (X11; Linux x86_64) Gecko/20100101 Firefox/89.0"
192.168.1.17 - - [29/Nov/2025:20:05:51 +0000] "GET /i18n/en.json HTTP/1.1" 200 9027 "Mozilla/5.0 (iPhone; CPU iPhone OS 14_6 like Mac OS X) AppleWebKit/605.1.15 (KHTML, like Gecko) Version/14.0 Mobile/15E148 Safari/604.1"
192.168.1.9 - - [29/Nov/2025:20:05:52 +0000] "GET /api/Feedbacks HTTP/1.1" 200 659 "Mozilla/5.0 (Macintosh; Intel Mac OS X 10_15_7) AppleWebKit/605.1.15 (KHTML, like Gecko) Version/14.1.1 Safari/605.1.15"
192.168.1.10 - - [29/Nov/2025:20:05:53 +0000] "GET /i18n/en.json HTTP/1.1" 200 9027 "Mozilla/5.0 (iPhone; CPU iPhone OS 14_6 like Mac OS X) AppleWebKit/605.1.15 (KHTML, like Gecko) Version/14.0 Mobile/15E148 Safari/604.1"
192.168.1.6 - - [29/Nov/2025:20:05:53 +0000] "GET /rest/user/login HTTP/1.1" 500 767 "Mozilla/5.0 (Macintosh; Intel Mac OS X 10_15_7) AppleWebKit/605.1.15 (KHTML, like Gecko) Version/14.1.1 Safari/605.1.15"
192.168.1.7 - - [29/Nov/2025:20:05:54 +0000] "GET /rest/user/login HTTP/1.1" 500 767 "Mozilla/5.0 (Macintosh; Intel Mac OS X 10_15_7) AppleWebKit/605.1.15 (KHTML, like Gecko) Version/14.1.1 Safari/605.1.15"
66.77.88.99 - - [29/Nov/2025:20:05:55 +0000] "GET /api/Feedbacks?comment=%3Cscript%3Ealert('XSS')%3C/script%3E HTTP/1.1" 200 30 "Mozilla/5.0 (Windows NT 10.0; Win64; x64) AppleWebKit/537.36 (KHTML, like Gecko) Chrome/91.0.4472.124 Safari/537.36"
185.20.30.40 - - [29/Nov/2025:20:05:55 +0000] "GET /public/images//ftp/package.json.bak%2500.md HTTP/1.1" 200 9027 "Mozilla/5.0 (X11; Linux x86_64) Gecko/20100101 Firefox/89.0"
192.168.1.16 - - [29/Nov/2025:20:05:56 +0000] "GET /rest/user/login HTTP/1.1" 500 767 "Mozilla/5.0 (Macintosh; Intel Mac OS X 10_15_7) AppleWebKit/605.1.15 (KHTML, like Gecko) Version/14.1.1 Safari/605.1.15"
203.55.11.22 - - [29/Nov/2025:20:05:56 +0000] "GET /public/images//ftp/package.json.bak%2500.md HTTP/1.1" 200 9027 "Mozilla/5.0 (X11; Linux x86_64) Gecko/20100101 Firefox/89.0"
203.55.11.22 - - [29/Nov/2025:20:05:57 +0000] "GET /public/images//ftp/package.json.bak%2500.md HTTP/1.1" 200 9027 "Mozilla/5.0 (Macintosh; Intel Mac OS X 10_15_7) AppleWebKit/605.1.15 (KHTML, like Gecko) Version/14.1.1 Safari/605.1.15"
66.77.88.99 - - [29/Nov/2025:20:05:58 +0000] "GET /public/images//ftp/package.json.bak%2500.md HTTP/1.1" 200 9027 "Mozilla/5.0 (X11; Linux x86_64) Gecko/20100101 Firefox/89.0"
192.168.1.12 - - [29/Nov/2025:20:05:59 +0000] "GET /api/Feedbacks HTTP/1.1" 200 659 "Mozilla/5.0 (iPhone; CPU iPhone OS 14_6 like Mac OS X) AppleWebKit/605.1.15 (KHTML, like Gecko) Version/14.0 Mobile/15E148 Safari/604.1"
66.77.88.99 - - [29/Nov/2025:20:05:59 +0000] "GET /rest/products/search?q=admin'%20-- HTTP/1.1" 500 954 "Mozilla/5.0 (Macintosh; Intel Mac OS X 10_15_7) AppleWebKit/605.1.15 (KHTML, like Gecko) Version/14.1.1 Safari/605.1.15"
192.168.1.13 - - [29/Nov/2025:20:06:00 +0000] "GET /rest/products/search?q=ticket HTTP/1.1" 200 30 "Mozilla/5.0 (Windows NT 10.0; Win64; x64) AppleWebKit/537.36 (KHTML, like Gecko) Chrome/91.0.4472.124 Safari/537.36"
185.20.30.40 - - [29/Nov/2025:20:06:00 +0000] "GET /api/Feedbacks?comment=%3Cscript%3Ealert('XSS')%3C/script%3E HTTP/1.1" 200 30 "Mozilla/5.0 (Macintosh; Intel Mac OS X 10_15_7) AppleWebKit/605.1.15 (KHTML, like Gecko) Version/14.1.1 Safari/605.1.15"
192.168.1.10 - - [29/Nov/2025:20:06:01 +0000] "GET /i18n/en.json HTTP/1.1" 200 9027 "Mozilla/5.0 (X11; Linux x86_64) Gecko/20100101 Firefox/89.0"
192.168.1.8 - - [29/Nov/2025:20:06:02 +0000] "GET /i18n/en.json HTTP/1.1" 200 9027 "Mozilla/5.0 (Windows NT 10.0; Win64; x64) AppleWebKit/537.36 (KHTML, like Gecko) Chrome/91.0.4472.124 Safari/537.36"
66.77.88.99 - - [29/Nov/2025:20:06:02 +0000] "GET /rest/products/search?q='%20OR%20'1'='1 HTTP/1.1" 200 3732 "Mozilla/5.0 (Macintosh; Intel Mac OS X 10_15_7) AppleWebKit/605.1.15 (KHTML, like Gecko) Version/14.1.1 Safari/605.1.15"
203.55.11.22 - - [29/Nov/2025:20:06:03 +0000] "GET /rest/products/search?q=admin'%20-- HTTP/1.1" 500 954 "Mozilla/5.0 (Macintosh; Intel Mac OS X 10_15_7) AppleWebKit/605.1.15 (KHTML, like Gecko) Version/14.1.1 Safari/605.1.15"
192.168.1.8 - - [29/Nov/2025:20:06:03 +0000] "GET /rest/products/search?q=juice HTTP/1.1" 200 2944 "Mozilla/5.0 (X11; Linux x86_64) Gecko/20100101 Firefox/89.0"
192.168.1.10 - - [29/Nov/2025:20:06:04 +0000] "GET /api/BasketItems/11 HTTP/1.1" 401 984 "Mozilla/5.0 (X11; Linux x86_64) Gecko/20100101 Firefox/89.0"
192.168.1.10 - - [29/Nov/2025:20:06:05 +0000] "GET /api/Feedbacks HTTP/1.1" 200 659 "Mozilla/5.0 (Macintosh; Intel Mac OS X 10_15_7) AppleWebKit/605.1.15 (KHTML, like Gecko) Version/14.1.1 Safari/605.1.15"
185.20.30.40 - - [29/Nov/2025:20:06:05 +0000] "GET /rest/products/search?q='%20OR%201=1%20-- HTTP/1.1" 500 954 "Mozilla/5.0 (iPhone; CPU iPhone OS 14_6 like Mac OS X) AppleWebKit/605.1.15 (KHTML, like Gecko) Version/14.0 Mobile/15E148 Safari/604.1"
192.168.1.6 - - [29/Nov/2025:20:06:06 +0000] "GET /api/Complaints HTTP/1.1" 401 984 "Mozilla/5.0 (Windows NT 10.0; Win64; x64) AppleWebKit/537.36 (KHTML, like Gecko) Chrome/91.0.4472.124 Safari/537.36"
185.20.30.40 - - [29/Nov/2025:20:06:07 +0000] "GET /etc/passwd HTTP/1.1" 200 9027 "Mozilla/5.0 (X11; Linux x86_64) Gecko/20100101 Firefox/89.0"
66.77.88.99 - - [29/Nov/2025:20:06:07 +0000] "GET /api/Feedbacks?comment=%3Cimg%20src=x%20onerror=alert(1)%3E HTTP/1.1" 200 30 "Mozilla/5.0 (Windows NT 10.0; Win64; x64) AppleWebKit/537.36 (KHTML, like Gecko) Chrome/91.0.4472.124 Safari/537.36"
192.168.1.6 - - [29/Nov/2025:20:06:08 +0000] "GET /rest/products/search?q=juice HTTP/1.1" 200 2944 "Mozilla/5.0 (Macintosh; Intel Mac OS X 10_15_7) AppleWebKit/605.1.15 (KHTML, like Gecko) Version/14.1.1 Safari/605.1.15"
192.168.1.18 - - [29/Nov/2025:20:06:09 +0000] "GET /rest/products/search?q=apple HTTP/1.1" 200 631 "Mozilla/5.0 (iPhone; CPU iPhone OS 14_6 like Mac OS X) AppleWebKit/605.1.15 (KHTML, like Gecko) Version/14.0 Mobile/15E148 Safari/604.1"
66.77.88.99 - - [29/Nov/2025:20:06:09 +0000] "GET /etc/passwd HTTP/1.1" 200 9027 "Mozilla/5.0 (X11; Linux x86_64) Gecko/20100101 Firefox/89.0"
192.168.1.5 - - [29/Nov/2025:20:06:10 +0000] "GET /api/Feedbacks HTTP/1.1" 200 659 "Mozilla/5.0 (iPhone; CPU iPhone OS 14_6 like Mac OS X) AppleWebKit/605.1.15 (KHTML, like Gecko) Version/14.0 Mobile/15E148 Safari/604.1"
192.168.1.12 - - [29/Nov/2025:20:06:11 +0000] "GET /rest/user/login HTTP/1.1" 500 767 "Mozilla/5.0 (Macintosh; Intel Mac OS X 10_15_7) AppleWebKit/605.1.15 (KHTML, like Gecko) Version/14.1.1 Safari/605.1.15"
192.168.1.9 - - [29/Nov/2025:20:06:11 +0000] "GET /rest/products/search?q=apple HTTP/1.1" 200 631 "Mozilla/5.0 (Windows NT 10.0; Win64; x64) AppleWebKit/537.36 (KHTML, like Gecko) Chrome/91.0.4472.124 Safari/537.36"
192.168.1.17 - - [29/Nov/2025:20:06:11 +0000] "GET /rest/user/login HTTP/1.1" 500 767 "Mozilla/5.0 (iPhone; CPU iPhone OS 14_6 like Mac OS X) AppleWebKit/605.1.15 (KHTML, like Gecko) Version/14.0 Mobile/15E148 Safari/604.1"
185.20.30.40 - - [29/Nov/2025:20:06:12 +0000] "GET /rest/products/search?q='%20OR%201=1%20-- HTTP/1.1" 500 954 "Mozilla/5.0 (X11; Linux x86_64) Gecko/20100101 Firefox/89.0"
192.168.1.8 - - [29/Nov/2025:20:06:13 +0000] "GET /rest/user/login HTTP/1.1" 500 767 "Mozilla/5.0 (Windows NT 10.0; Win64; x64) AppleWebKit/537.36 (KHTML, like Gecko) Chrome/91.0.4472.124 Safari/537.36"
192.168.1.12 - - [29/Nov/2025:20:06:14 +0000] "GET /rest/user/login HTTP/1.1" 500 767 "Mozilla/5.0 (X11; Linux x86_64) Gecko/20100101 Firefox/89.0"
192.168.1.14 - - [29/Nov/2025:20:06:14 +0000] "GET /i18n/en.json HTTP/1.1" 200 9027 "Mozilla/5.0 (X11; Linux x86_64) Gecko/20100101 Firefox/89.0"
192.168.1.12 - - [29/Nov/2025:20:06:15 +0000] "GET /api/BasketItems/20 HTTP/1.1" 401 984 "Mozilla/5.0 (X11; Linux x86_64) Gecko/20100101 Firefox/89.0"
185.20.30.40 - - [29/Nov/2025:20:06:15 +0000] "GET /rest/products/search?q=admin'%20-- HTTP/1.1" 500 954 "Mozilla/5.0 (X11; Linux x86_64) Gecko/20100101 Firefox/89.0"
192.168.1.14 - - [29/Nov/2025:20:06:16 +0000] "GET /i18n/en.json HTTP/1.1" 200 9027 "Mozilla/5.0 (X11; Linux x86_64) Gecko/20100101 Firefox/89.0"
192.168.1.16 - - [29/Nov/2025:20:06:17 +0000] "GET /rest/user/login HTTP/1.1" 500 767 "Mozilla/5.0 (Windows NT 10.0; Win64; x64) AppleWebKit/537.36 (KHTML, like Gecko) Chrome/91.0.4472.124 Safari/537.36"
203.55.11.22 - - [29/Nov/2025:20:06:18 +0000] "GET /api/Feedbacks?comment=%3Cimg%20src=x%20onerror=alert(1)%3E HTTP/1.1" 200 30 "Mozilla/5.0 (iPhone; CPU iPhone OS 14_6 like Mac OS X) AppleWebKit/605.1.15 (KHTML, like Gecko) Version/14.0 Mobile/15E148 Safari/604.1"
185.20.30.40 - - [29/Nov/2025:20:06:18 +0000] "GET /public/images//ftp/package.json.bak%2500.md HTTP/1.1" 200 9027 "Mozilla/5.0 (X11; Linux x86_64) Gecko/20100101 Firefox/89.0"
185.20.30.40 - - [29/Nov/2025:20:06:19 +0000] "GET /rest/products/search?q='%20UNION%20SELECT%201,2,3,4,5,6,7,8,9%20FROM%20users%20-- HTTP/1.1" 500 994 "Mozilla/5.0 (Macintosh; Intel Mac OS X 10_15_7) AppleWebKit/605.1.15 (KHTML, like Gecko) Version/14.1.1 Safari/605.1.15"
192.168.1.5 - - [29/Nov/2025:20:06:19 +0000] "GET /rest/products/search?q=orange HTTP/1.1" 200 301 "Mozilla/5.0 (X11; Linux x86_64) Gecko/20100101 Firefox/89.0"
66.77.88.99 - - [29/Nov/2025:20:06:20 +0000] "GET /etc/passwd HTTP/1.1" 200 9027 "Mozilla/5.0 (Macintosh; Intel Mac OS X 10_15_7) AppleWebKit/605.1.15 (KHTML, like Gecko) Version/14.1.1 Safari/605.1.15"
192.168.1.12 - - [29/Nov/2025:20:06:20 +0000] "GET /api/Feedbacks HTTP/1.1" 200 659 "Mozilla/5.0 (iPhone; CPU iPhone OS 14_6 like Mac OS X) AppleWebKit/605.1.15 (KHTML, like Gecko) Version/14.0 Mobile/15E148 Safari/604.1"
185.20.30.40 - - [29/Nov/2025:20:06:21 +0000] "GET /api/Feedbacks?comment=javascript:alert(1) HTTP/1.1" 200 30 "Mozilla/5.0 (iPhone; CPU iPhone OS 14_6 like Mac OS X) AppleWebKit/605.1.15 (KHTML, like Gecko) Version/14.0 Mobile/15E148 Safari/604.1"
192.168.1.6 - - [29/Nov/2025:20:06:21 +0000] "GET /api/Complaints HTTP/1.1" 401 984 "Mozilla/5.0 (iPhone; CPU iPhone OS 14_6 like Mac OS X) AppleWebKit/605.1.15 (KHTML, like Gecko) Version/14.0 Mobile/15E148 Safari/604.1"
185.20.30.40 - - [29/Nov/2025:20:06:22 +0000] "GET /public/images//ftp/package.json.bak%2500.md HTTP/1.1" 200 9027 "Mozilla/5.0 (Windows NT 10.0; Win64; x64) AppleWebKit/537.36 (KHTML, like Gecko) Chrome/91.0.4472.124 Safari/537.36"
192.168.1.11 - - [29/Nov/2025:20:06:22 +0000] "GET /i18n/en.json HTTP/1.1" 200 9027 "Mozilla/5.0 (iPhone; CPU iPhone OS 14_6 like Mac OS X) AppleWebKit/605.1.15 (KHTML, like Gecko) Version/14.0 Mobile/15E148 Safari/604.1"
192.168.1.15 - - [29/Nov/2025:20:06:23 +0000] "GET /api/BasketItems/18 HTTP/1.1" 401 984 "Mozilla/5.0 (Windows NT 10.0; Win64; x64) AppleWebKit/537.36 (KHTML, like Gecko) Chrome/91.0.4472.124 Safari/537.36"
192.168.1.8 - - [29/Nov/2025:20:06:24 +0000] "GET /rest/user/login HTTP/1.1" 500 767 "Mozilla/5.0 (X11; Linux x86_64) Gecko/20100101 Firefox/89.0"
66.77.88.99 - - [29/Nov/2025:20:06:25 +0000] "GET /public/images//ftp/package.json.bak%2500.md HTTP/1.1" 200 9027 "Mozilla/5.0 (Macintosh; Intel Mac OS X 10_15_7) AppleWebKit/605.1.15 (KHTML, like Gecko) Version/14.1.1 Safari/605.1.15"
192.168.1.6 - - [29/Nov/2025:20:06:25 +0000] "GET /api/Feedbacks HTTP/1.1" 200 659 "Mozilla/5.0 (X11; Linux x86_64) Gecko/20100101 Firefox/89.0"
192.168.1.12 - - [29/Nov/2025:20:06:26 +0000] "GET /api/BasketItems/3 HTTP/1.1" 401 984 "Mozilla/5.0 (iPhone; CPU iPhone OS 14_6 like Mac OS X) AppleWebKit/605.1.15 (KHTML, like Gecko) Version/14.0 Mobile/15E148 Safari/604.1"
185.20.30.40 - - [29/Nov/2025:20:06:27 +0000] "GET /api/Feedbacks?comment=javascript:alert(1) HTTP/1.1" 200 30 "Mozilla/5.0 (iPhone; CPU iPhone OS 14_6 like Mac OS X) AppleWebKit/605.1.15 (KHTML, like Gecko) Version/14.0 Mobile/15E148 Safari/604.1"
66.77.88.99 - - [29/Nov/2025:20:06:28 +0000] "GET /rest/products/search?q=';%20DROP%20TABLE%20users;%20-- HTTP/1.1" 500 986 "Mozilla/5.0 (Windows NT 10.0; Win64; x64) AppleWebKit/537.36 (KHTML, like Gecko) Chrome/91.0.4472.124 Safari/537.36"
185.20.30.40 - - [29/Nov/2025:20:06:28 +0000] "GET /rest/products/search?q=admin'%20-- HTTP/1.1" 500 954 "Mozilla/5.0 (X11; Linux x86_64) Gecko/20100101 Firefox/89.0"
192.168.1.6 - - [29/Nov/2025:20:06:29 +0000] "GET /rest/user/login HTTP/1.1" 500 767 "Mozilla/5.0 (Windows NT 10.0; Win64; x64) AppleWebKit/537.36 (KHTML, like Gecko) Chrome/91.0.4472.124 Safari/537.36"
185.20.30.40 - - [29/Nov/2025:20:06:29 +0000] "GET /api/Feedbacks?comment=javascript:alert(1) HTTP/1.1" 200 30 "Mozilla/5.0 (Windows NT 10.0; Win64; x64) AppleWebKit/537.36 (KHTML, like Gecko) Chrome/91.0.4472.124 Safari/537.36"
192.168.1.14 - - [29/Nov/2025:20:06:30 +0000] "GET /rest/user/login HTTP/1.1" 500 767 "Mozilla/5.0 (Macintosh; Intel Mac OS X 10_15_7) AppleWebKit/605.1.15 (KHTML, like Gecko) Version/14.1.1 Safari/605.1.15"
- - - [29/Nov/2025:20:06:31 +0000] "GET /public/images/..%2F..%2F..%2Fwindows%2Fwin.ini HTTP/1.1" 400 157 "-"
192.168.1.5 - - [29/Nov/2025:20:06:32 +0000] "GET /rest/user/login HTTP/1.1" 500 767 "Mozilla/5.0 (iPhone; CPU iPhone OS 14_6 like Mac OS X) AppleWebKit/605.1.15 (KHTML, like Gecko) Version/14.0 Mobile/15E148 Safari/604.1"
192.168.1.14 - - [29/Nov/2025:20:06:32 +0000] "GET /rest/products/search?q=apple HTTP/1.1" 200 631 "Mozilla/5.0 (Macintosh; Intel Mac OS X 10_15_7) AppleWebKit/605.1.15 (KHTML, like Gecko) Version/14.1.1 Safari/605.1.15"
185.20.30.40 - - [29/Nov/2025:20:06:33 +0000] "GET /api/Feedbacks?comment=%3Cscript%3Ealert('XSS')%3C/script%3E HTTP/1.1" 200 30 "Mozilla/5.0 (iPhone; CPU iPhone OS 14_6 like Mac OS X) AppleWebKit/605.1.15 (KHTML, like Gecko) Version/14.0 Mobile/15E148 Safari/604.1"
192.168.1.17 - - [29/Nov/2025:20:06:33 +0000] "GET /rest/user/login HTTP/1.1" 500 767 "Mozilla/5.0 (Windows NT 10.0; Win64; x64) AppleWebKit/537.36 (KHTML, like Gecko) Chrome/91.0.4472.124 Safari/537.36"
66.77.88.99 - - [29/Nov/2025:20:06:34 +0000] "GET /rest/products/search?q=admin'%20-- HTTP/1.1" 500 954 "Mozilla/5.0 (X11; Linux x86_64) Gecko/20100101 Firefox/89.0"
192.168.1.14 - - [29/Nov/2025:20:06:35 +0000] "GET /rest/user/login HTTP/1.1" 500 767 "Mozilla/5.0 (X11; Linux x86_64) Gecko/20100101 Firefox/89.0"
185.20.30.40 - - [29/Nov/2025:20:06:35 +0000] "GET /rest/products/search?q=';%20DROP%20TABLE%20users;%20-- HTTP/1.1" 500 986 "Mozilla/5.0 (iPhone; CPU iPhone OS 14_6 like Mac OS X) AppleWebKit/605.1.15 (KHTML, like Gecko) Version/14.0 Mobile/15E148 Safari/604.1"
192.168.1.7 - - [29/Nov/2025:20:06:36 +0000] "GET /rest/products/search?q=juice HTTP/1.1" 200 2944 "Mozilla/5.0 (iPhone; CPU iPhone OS 14_6 like Mac OS X) AppleWebKit/605.1.15 (KHTML, like Gecko) Version/14.0 Mobile/15E148 Safari/604.1"
192.168.1.11 - - [29/Nov/2025:20:06:37 +0000] "GET /rest/products/search?q=smoothie HTTP/1.1" 200 356 "Mozilla/5.0 (iPhone; CPU iPhone OS 14_6 like Mac OS X) AppleWebKit/605.1.15 (KHTML, like Gecko) Version/14.0 Mobile/15E148 Safari/604.1"
66.77.88.99 - - [29/Nov/2025:20:06:37 +0000] "GET /api/Feedbacks?comment=javascript:alert(1) HTTP/1.1" 200 30 "Mozilla/5.0 (iPhone; CPU iPhone OS 14_6 like Mac OS X) AppleWebKit/605.1.15 (KHTML, like Gecko) Version/14.0 Mobile/15E148 Safari/604.1"
66.77.88.99 - - [29/Nov/2025:20:06:38 +0000] "GET /api/Feedbacks?comment=%3Cscript%3Ealert('XSS')%3C/script%3E HTTP/1.1" 200 30 "Mozilla/5.0 (Macintosh; Intel Mac OS X 10_15_7) AppleWebKit/605.1.15 (KHTML, like Gecko) Version/14.1.1 Safari/605.1.15"
192.168.1.14 - - [29/Nov/2025:20:06:39 +0000] "GET /api/Feedbacks HTTP/1.1" 200 659 "Mozilla/5.0 (iPhone; CPU iPhone OS 14_6 like Mac OS X) AppleWebKit/605.1.15 (KHTML, like Gecko) Version/14.0 Mobile/15E148 Safari/604.1"
192.168.1.7 - - [29/Nov/2025:20:06:40 +0000] "GET /api/Complaints HTTP/1.1" 401 984 "Mozilla/5.0 (iPhone; CPU iPhone OS 14_6 like Mac OS X) AppleWebKit/605.1.15 (KHTML, like Gecko) Version/14.0 Mobile/15E148 Safari/604.1"
203.55.11.22 - - [29/Nov/2025:20:06:40 +0000] "GET /api/Feedbacks?comment=javascript:alert(1) HTTP/1.1" 200 30 "Mozilla/5.0 (iPhone; CPU iPhone OS 14_6 like Mac OS X) AppleWebKit/605.1.15 (KHTML, like Gecko) Version/14.0 Mobile/15E148 Safari/604.1"
185.20.30.40 - - [29/Nov/2025:20:06:41 +0000] "GET /api/Feedbacks?comment=javascript:alert(1) HTTP/1.1" 200 30 "Mozilla/5.0 (Windows NT 10.0; Win64; x64) AppleWebKit/537.36 (KHTML, like Gecko) Chrome/91.0.4472.124 Safari/537.36"
192.168.1.14 - - [29/Nov/2025:20:06:42 +0000] "GET /i18n/en.json HTTP/1.1" 200 9027 "Mozilla/5.0 (Windows NT 10.0; Win64; x64) AppleWebKit/537.36 (KHTML, like Gecko) Chrome/91.0.4472.124 Safari/537.36"
192.168.1.18 - - [29/Nov/2025:20:06:42 +0000] "GET /i18n/en.json HTTP/1.1" 200 9027 "Mozilla/5.0 (Windows NT 10.0; Win64; x64) AppleWebKit/537.36 (KHTML, like Gecko) Chrome/91.0.4472.124 Safari/537.36"
203.55.11.22 - - [29/Nov/2025:20:06:43 +0000] "GET /api/Feedbacks?comment=%3Cscript%3Ealert('XSS')%3C/script%3E HTTP/1.1" 200 30 "Mozilla/5.0 (Windows NT 10.0; Win64; x64) AppleWebKit/537.36 (KHTML, like Gecko) Chrome/91.0.4472.124 Safari/537.36"
66.77.88.99 - - [29/Nov/2025:20:06:44 +0000] "GET /rest/products/search?q=';%20DROP%20TABLE%20users;%20-- HTTP/1.1" 500 986 "Mozilla/5.0 (iPhone; CPU iPhone OS 14_6 like Mac OS X) AppleWebKit/605.1.15 (KHTML, like Gecko) Version/14.0 Mobile/15E148 Safari/604.1"
185.20.30.40 - - [29/Nov/2025:20:06:44 +0000] "GET /rest/products/search?q='%20OR%20'1'='1 HTTP/1.1" 200 3732 "Mozilla/5.0 (iPhone; CPU iPhone OS 14_6 like Mac OS X) AppleWebKit/605.1.15 (KHTML, like Gecko) Version/14.0 Mobile/15E148 Safari/604.1"
192.168.1.6 - - [29/Nov/2025:20:06:45 +0000] "GET /api/Feedbacks HTTP/1.1" 200 659 "Mozilla/5.0 (Windows NT 10.0; Win64; x64) AppleWebKit/537.36 (KHTML, like Gecko) Chrome/91.0.4472.124 Safari/537.36"
185.20.30.40 - - [29/Nov/2025:20:06:45 +0000] "GET /api/Feedbacks?comment=javascript:alert(1) HTTP/1.1" 200 30 "Mozilla/5.0 (iPhone; CPU iPhone OS 14_6 like Mac OS X) AppleWebKit/605.1.15 (KHTML, like Gecko) Version/14.0 Mobile/15E148 Safari/604.1"
192.168.1.18 - - [29/Nov/2025:20:06:46 +0000] "GET /rest/user/login HTTP/1.1" 500 767 "Mozilla/5.0 (X11; Linux x86_64) Gecko/20100101 Firefox/89.0"
203.55.11.22 - - [29/Nov/2025:20:06:46 +0000] "GET /rest/products/search?q=';%20DROP%20TABLE%20users;%20-- HTTP/1.1" 500 986 "Mozilla/5.0 (X11; Linux x86_64) Gecko/20100101 Firefox/89.0"
203.55.11.22 - - [29/Nov/2025:20:06:47 +0000] "GET /public/images//ftp/package.json.bak%2500.md HTTP/1.1" 200 9020 "Mozilla/5.0 (X11; Linux x86_64) Gecko/20100101 Firefox/89.0"
192.168.1.9 - - [29/Nov/2025:20:06:47 +0000] "GET /api/Feedbacks HTTP/1.1" 200 659 "Mozilla/5.0 (X11; Linux x86_64) Gecko/20100101 Firefox/89.0"
185.20.30.40 - - [29/Nov/2025:20:06:48 +0000] "GET /public/images//ftp/package.json.bak%2500.md HTTP/1.1" 200 9027 "Mozilla/5.0 (iPhone; CPU iPhone OS 14_6 like Mac OS X) AppleWebKit/605.1.15 (KHTML, like Gecko) Version/14.0 Mobile/15E148 Safari/604.1"
192.168.1.6 - - [29/Nov/2025:20:06:48 +0000] "GET /rest/products/search?q=green HTTP/1.1" 200 759 "Mozilla/5.0 (Windows NT 10.0; Win64; x64) AppleWebKit/537.36 (KHTML, like Gecko) Chrome/91.0.4472.124 Safari/537.36"
192.168.1.15 - - [29/Nov/2025:20:06:49 +0000] "GET /api/Feedbacks HTTP/1.1" 200 659 "Mozilla/5.0 (X11; Linux x86_64) Gecko/20100101 Firefox/89.0"
203.55.11.22 - - [29/Nov/2025:20:06:50 +0000] "GET /api/Feedbacks?comment=%3Cscript%3Ealert('XSS')%3C/script%3E HTTP/1.1" 200 30 "Mozilla/5.0 (iPhone; CPU iPhone OS 14_6 like Mac OS X) AppleWebKit/605.1.15 (KHTML, like Gecko) Version/14.0 Mobile/15E148 Safari/604.1"
192.168.1.14 - - [29/Nov/2025:20:06:50 +0000] "GET /i18n/en.json HTTP/1.1" 200 9027 "Mozilla/5.0 (Windows NT 10.0; Win64; x64) AppleWebKit/537.36 (KHTML, like Gecko) Chrome/91.0.4472.124 Safari/537.36"
185.20.30.40 - - [29/Nov/2025:20:06:50 +0000] "GET /rest/products/search?q='%20OR%201=1%20-- HTTP/1.1" 500 954 "Mozilla/5.0 (iPhone; CPU iPhone OS 14_6 like Mac OS X) AppleWebKit/605.1.15 (KHTML, like Gecko) Version/14.0 Mobile/15E148 Safari/604.1"
192.168.1.12 - - [29/Nov/2025:20:06:51 +0000] "GET /rest/user/login HTTP/1.1" 500 767 "Mozilla/5.0 (X11; Linux x86_64) Gecko/20100101 Firefox/89.0"
185.20.30.40 - - [29/Nov/2025:20:06:52 +0000] "GET /api/Feedbacks?comment=javascript:alert(1) HTTP/1.1" 200 30 "Mozilla/5.0 (X11; Linux x86_64) Gecko/20100101 Firefox/89.0"
203.55.11.22 - - [29/Nov/2025:20:06:53 +0000] "GET /api/Feedbacks?comment=%3Cimg%20src=x%20onerror=alert(1)%3E HTTP/1.1" 200 30 "Mozilla/5.0 (Macintosh; Intel Mac OS X 10_15_7) AppleWebKit/605.1.15 (KHTML, like Gecko) Version/14.1.1 Safari/605.1.15"
192.168.1.11 - - [29/Nov/2025:20:06:54 +0000] "GET /api/Feedbacks HTTP/1.1" 200 659 "Mozilla/5.0 (iPhone; CPU iPhone OS 14_6 like Mac OS X) AppleWebKit/605.1.15 (KHTML, like Gecko) Version/14.0 Mobile/15E148 Safari/604.1"
192.168.1.14 - - [29/Nov/2025:20:06:55 +0000] "GET /rest/user/login HTTP/1.1" 500 767 "Mozilla/5.0 (Windows NT 10.0; Win64; x64) AppleWebKit/537.36 (KHTML, like Gecko) Chrome/91.0.4472.124 Safari/537.36"
192.168.1.18 - - [29/Nov/2025:20:06:56 +0000] "GET /i18n/en.json HTTP/1.1" 200 9027 "Mozilla/5.0 (X11; Linux x86_64) Gecko/20100101 Firefox/89.0"
192.168.1.17 - - [29/Nov/2025:20:06:57 +0000] "GET /api/Feedbacks HTTP/1.1" 200 659 "Mozilla/5.0 (X11; Linux x86_64) Gecko/20100101 Firefox/89.0"
192.168.1.8 - - [29/Nov/2025:20:06:57 +0000] "GET /api/Feedbacks HTTP/1.1" 200 659 "Mozilla/5.0 (Windows NT 10.0; Win64; x64) AppleWebKit/537.36 (KHTML, like Gecko) Chrome/91.0.4472.124 Safari/537.36"
66.77.88.99 - - [29/Nov/2025:20:06:58 +0000] "GET /api/Feedbacks?comment=javascript:alert(1) HTTP/1.1" 200 30 "Mozilla/5.0 (iPhone; CPU iPhone OS 14_6 like Mac OS X) AppleWebKit/605.1.15 (KHTML, like Gecko) Version/14.0 Mobile/15E148 Safari/604.1"
192.168.1.16 - - [29/Nov/2025:20:06:59 +0000] "GET /api/BasketItems/3 HTTP/1.1" 401 984 "Mozilla/5.0 (X11; Linux x86_64) Gecko/20100101 Firefox/89.0"
192.168.1.19 - - [29/Nov/2025:20:07:00 +0000] "GET /api/Complaints HTTP/1.1" 401 984 "Mozilla/5.0 (X11; Linux x86_64) Gecko/20100101 Firefox/89.0"
192.168.1.14 - - [29/Nov/2025:20:07:00 +0000] "GET /i18n/en.json HTTP/1.1" 200 9027 "Mozilla/5.0 (Macintosh; Intel Mac OS X 10_15_7) AppleWebKit/605.1.15 (KHTML, like Gecko) Version/14.1.1 Safari/605.1.15"
185.20.30.40 - - [29/Nov/2025:20:07:01 +0000] "GET /public/images//ftp/package.json.bak%2500.md HTTP/1.1" 200 9027 "Mozilla/5.0 (Windows NT 10.0; Win64; x64) AppleWebKit/537.36 (KHTML, like Gecko) Chrome/91.0.4472.124 Safari/537.36"
192.168.1.11 - - [29/Nov/2025:20:07:01 +0000] "GET /api/BasketItems/16 HTTP/1.1" 401 984 "Mozilla/5.0 (iPhone; CPU iPhone OS 14_6 like Mac OS X) AppleWebKit/605.1.15 (KHTML, like Gecko) Version/14.0 Mobile/15E148 Safari/604.1"
192.168.1.5 - - [29/Nov/2025:20:07:02 +0000] "GET /rest/user/login HTTP/1.1" 500 767 "Mozilla/5.0 (Windows NT 10.0; Win64; x64) AppleWebKit/537.36 (KHTML, like Gecko) Chrome/91.0.4472.124 Safari/537.36"
192.168.1.13 - - [29/Nov/2025:20:07:02 +0000] "GET /rest/products/search?q=smoothie HTTP/1.1" 200 356 "Mozilla/5.0 (iPhone; CPU iPhone OS 14_6 like Mac OS X) AppleWebKit/605.1.15 (KHTML, like Gecko) Version/14.0 Mobile/15E148 Safari/604.1"
203.55.11.22 - - [29/Nov/2025:20:07:03 +0000] "GET /api/Feedbacks?comment=%3Cscript%3Ealert('XSS')%3C/script%3E HTTP/1.1" 200 30 "Mozilla/5.0 (X11; Linux x86_64) Gecko/20100101 Firefox/89.0"
185.20.30.40 - - [29/Nov/2025:20:07:04 +0000] "GET /rest/products/search?q='%20OR%201=1%20-- HTTP/1.1" 500 954 "Mozilla/5.0 (Macintosh; Intel Mac OS X 10_15_7) AppleWebKit/605.1.15 (KHTML, like Gecko) Version/14.1.1 Safari/605.1.15"
192.168.1.9 - - [29/Nov/2025:20:07:05 +0000] "GET /i18n/en.json HTTP/1.1" 200 9027 "Mozilla/5.0 (iPhone; CPU iPhone OS 14_6 like Mac OS X) AppleWebKit/605.1.15 (KHTML, like Gecko) Version/14.0 Mobile/15E148 Safari/604.1"
192.168.1.7 - - [29/Nov/2025:20:07:05 +0000] "GET /api/Complaints HTTP/1.1" 401 984 "Mozilla/5.0 (X11; Linux x86_64) Gecko/20100101 Firefox/89.0"
192.168.1.13 - - [29/Nov/2025:20:07:06 +0000] "GET /api/BasketItems/10 HTTP/1.1" 401 984 "Mozilla/5.0 (Macintosh; Intel Mac OS X 10_15_7) AppleWebKit/605.1.15 (KHTML, like Gecko) Version/14.1.1 Safari/605.1.15"
185.20.30.40 - - [29/Nov/2025:20:07:07 +0000] "GET /public/images//ftp/package.json.bak%2500.md HTTP/1.1" 200 9027 "Mozilla/5.0 (Macintosh; Intel Mac OS X 10_15_7) AppleWebKit/605.1.15 (KHTML, like Gecko) Version/14.1.1 Safari/605.1.15"
66.77.88.99 - - [01/Dec/2025:12:17:30 +0000] "GET /rest/products/search?q='%20OR%201=1%20-- HTTP/1.1" 500 954 "Mozilla/5.0"
203.55.11.22 - - [01/Dec/2025:12:17:31 +0000] "GET /rest/products/search?q='%20OR%201=1%20-- HTTP/1.1" 500 954 "Chrome/91.0"
66.77.88.99 - - [01/Dec/2025:12:17:32 +0000] "GET /honeypot HTTP/1.1" 200 9027 "Mozilla/5.0"
192.168.1.6 - - [01/Dec/2025:12:17:33 +0000] "GET /rest/products/search?q=apple HTTP/1.1" 200 631 "Mozilla/5.0"
192.168.1.11 - - [01/Dec/2025:12:17:35 +0000] "GET /rest/products/search?q=apple HTTP/1.1" 200 631 "Chrome/91.0"
192.168.1.16 - - [01/Dec/2025:12:17:36 +0000] "GET /rest/products/search?q=apple HTTP/1.1" 200 631 "Mozilla/5.0"
185.20.30.40 - - [01/Dec/2025:12:17:38 +0000] "GET /honeypot HTTP/1.1" 200 9027 "Safari/537.36"
203.55.11.22 - - [01/Dec/2025:12:17:39 +0000] "GET /honeypot HTTP/1.1" 200 9034 "Chrome/91.0"
192.168.1.19 - - [01/Dec/2025:12:17:40 +0000] "GET /rest/products/search?q=apple HTTP/1.1" 200 631 "Chrome/91.0"
203.55.11.22 - - [01/Dec/2025:12:17:41 +0000] "GET /api/Feedbacks?comment=%3Cscript%3Ealert(1)%3C/script%3E HTTP/1.1" 200 30 "Chrome/91.0"
192.168.1.15 - - [01/Dec/2025:12:17:43 +0000] "GET /rest/products/search?q=apple HTTP/1.1" 200 631 "Safari/537.36"
192.168.1.19 - - [01/Dec/2025:12:17:45 +0000] "GET /rest/products/search?q=apple HTTP/1.1" 200 631 "Mozilla/5.0"
192.168.1.17 - - [01/Dec/2025:12:17:46 +0000] "GET /rest/products/search?q=apple HTTP/1.1" 200 631 "Chrome/91.0"
192.168.1.10 - - [01/Dec/2025:12:17:48 +0000] "GET /rest/products/search?q=apple HTTP/1.1" 200 631 "Safari/537.36"
